Archive member included to satisfy reference by file (symbol)

c:/program files (x86)/atmel/studio/7.0/toolchain/avr8/avr8-gnu-toolchain/bin/../lib/gcc/avr/5.4.0/../../../../avr/lib/avrxmega6\libm.a(addsf3.o)
                              src/adc_sensors.o (__addsf3)
c:/program files (x86)/atmel/studio/7.0/toolchain/avr8/avr8-gnu-toolchain/bin/../lib/gcc/avr/5.4.0/../../../../avr/lib/avrxmega6\libm.a(addsf3x.o)
                              c:/program files (x86)/atmel/studio/7.0/toolchain/avr8/avr8-gnu-toolchain/bin/../lib/gcc/avr/5.4.0/../../../../avr/lib/avrxmega6\libm.a(addsf3.o) (__addsf3x)
c:/program files (x86)/atmel/studio/7.0/toolchain/avr8/avr8-gnu-toolchain/bin/../lib/gcc/avr/5.4.0/../../../../avr/lib/avrxmega6\libm.a(fixsfsi.o)
                              src/adc_sensors.o (__fixsfsi)
c:/program files (x86)/atmel/studio/7.0/toolchain/avr8/avr8-gnu-toolchain/bin/../lib/gcc/avr/5.4.0/../../../../avr/lib/avrxmega6\libm.a(fixunssfsi.o)
                              src/main.o (__fixunssfsi)
c:/program files (x86)/atmel/studio/7.0/toolchain/avr8/avr8-gnu-toolchain/bin/../lib/gcc/avr/5.4.0/../../../../avr/lib/avrxmega6\libm.a(floatsisf.o)
                              src/adc_sensors.o (__floatunsisf)
c:/program files (x86)/atmel/studio/7.0/toolchain/avr8/avr8-gnu-toolchain/bin/../lib/gcc/avr/5.4.0/../../../../avr/lib/avrxmega6\libm.a(fp_inf.o)
                              c:/program files (x86)/atmel/studio/7.0/toolchain/avr8/avr8-gnu-toolchain/bin/../lib/gcc/avr/5.4.0/../../../../avr/lib/avrxmega6\libm.a(addsf3x.o) (__fp_inf)
c:/program files (x86)/atmel/studio/7.0/toolchain/avr8/avr8-gnu-toolchain/bin/../lib/gcc/avr/5.4.0/../../../../avr/lib/avrxmega6\libm.a(fp_nan.o)
                              c:/program files (x86)/atmel/studio/7.0/toolchain/avr8/avr8-gnu-toolchain/bin/../lib/gcc/avr/5.4.0/../../../../avr/lib/avrxmega6\libm.a(addsf3x.o) (__fp_nan)
c:/program files (x86)/atmel/studio/7.0/toolchain/avr8/avr8-gnu-toolchain/bin/../lib/gcc/avr/5.4.0/../../../../avr/lib/avrxmega6\libm.a(fp_pscA.o)
                              c:/program files (x86)/atmel/studio/7.0/toolchain/avr8/avr8-gnu-toolchain/bin/../lib/gcc/avr/5.4.0/../../../../avr/lib/avrxmega6\libm.a(addsf3x.o) (__fp_pscA)
c:/program files (x86)/atmel/studio/7.0/toolchain/avr8/avr8-gnu-toolchain/bin/../lib/gcc/avr/5.4.0/../../../../avr/lib/avrxmega6\libm.a(fp_pscB.o)
                              c:/program files (x86)/atmel/studio/7.0/toolchain/avr8/avr8-gnu-toolchain/bin/../lib/gcc/avr/5.4.0/../../../../avr/lib/avrxmega6\libm.a(addsf3x.o) (__fp_pscB)
c:/program files (x86)/atmel/studio/7.0/toolchain/avr8/avr8-gnu-toolchain/bin/../lib/gcc/avr/5.4.0/../../../../avr/lib/avrxmega6\libm.a(fp_round.o)
                              c:/program files (x86)/atmel/studio/7.0/toolchain/avr8/avr8-gnu-toolchain/bin/../lib/gcc/avr/5.4.0/../../../../avr/lib/avrxmega6\libm.a(addsf3.o) (__fp_round)
c:/program files (x86)/atmel/studio/7.0/toolchain/avr8/avr8-gnu-toolchain/bin/../lib/gcc/avr/5.4.0/../../../../avr/lib/avrxmega6\libm.a(fp_split3.o)
                              c:/program files (x86)/atmel/studio/7.0/toolchain/avr8/avr8-gnu-toolchain/bin/../lib/gcc/avr/5.4.0/../../../../avr/lib/avrxmega6\libm.a(addsf3x.o) (__fp_split3)
c:/program files (x86)/atmel/studio/7.0/toolchain/avr8/avr8-gnu-toolchain/bin/../lib/gcc/avr/5.4.0/../../../../avr/lib/avrxmega6\libm.a(fp_zero.o)
                              c:/program files (x86)/atmel/studio/7.0/toolchain/avr8/avr8-gnu-toolchain/bin/../lib/gcc/avr/5.4.0/../../../../avr/lib/avrxmega6\libm.a(addsf3x.o) (__fp_zero)
c:/program files (x86)/atmel/studio/7.0/toolchain/avr8/avr8-gnu-toolchain/bin/../lib/gcc/avr/5.4.0/../../../../avr/lib/avrxmega6\libm.a(mulsf3.o)
                              src/adc_sensors.o (__mulsf3)
c:/program files (x86)/atmel/studio/7.0/toolchain/avr8/avr8-gnu-toolchain/bin/../lib/gcc/avr/5.4.0/../../../../avr/lib/avrxmega6\libm.a(mulsf3x.o)
                              c:/program files (x86)/atmel/studio/7.0/toolchain/avr8/avr8-gnu-toolchain/bin/../lib/gcc/avr/5.4.0/../../../../avr/lib/avrxmega6\libm.a(mulsf3.o) (__mulsf3x)
c:/program files (x86)/atmel/studio/7.0/toolchain/avr8/avr8-gnu-toolchain/bin/../lib/gcc/avr/5.4.0/avrxmega6\libgcc.a(_udivmodsi4.o)
                              src/ASF/xmega/drivers/usart/usart.o (__udivmodsi4)
c:/program files (x86)/atmel/studio/7.0/toolchain/avr8/avr8-gnu-toolchain/bin/../lib/gcc/avr/5.4.0/avrxmega6\libgcc.a(_exit.o)
                              C:/Program Files (x86)/Atmel/Studio/7.0/Packs/atmel/XMEGAA_DFP/1.1.68/gcc/dev/atxmega256a3bu/avrxmega6/crtatxmega256a3bu.o (exit)
c:/program files (x86)/atmel/studio/7.0/toolchain/avr8/avr8-gnu-toolchain/bin/../lib/gcc/avr/5.4.0/avrxmega6\libgcc.a(_copy_data.o)
                              src/ASF/common/services/gfx_mono/gfx_mono_menu.o (__do_copy_data)
c:/program files (x86)/atmel/studio/7.0/toolchain/avr8/avr8-gnu-toolchain/bin/../lib/gcc/avr/5.4.0/avrxmega6\libgcc.a(_clear_bss.o)
[...]
Memory Configuration

Name             Origin             Length             Attributes
text             0x00000000         0x00100000         xr
data             0x00802000         0x0000ffa0         rw !x
eeprom           0x00810000         0x00010000         rw !x
fuse             0x00820000         0x00000006         rw !x
lock             0x00830000         0x00000400         rw !x
signature        0x00840000         0x00000400         rw !x
user_signatures  0x00850000         0x00000400         rw !x
*default*        0x00000000         0xffffffff

Linker script and memory map

LOAD C:/Program Files (x86)/Atmel/Studio/7.0/Packs/atmel/XMEGAA_DFP/1.1.68/gcc/dev/atxmega256a3bu/avrxmega6/crtatxmega256a3bu.o
LOAD src/adc_sensors.o
LOAD src/ASF/common/components/display/st7565r/st7565r.o
LOAD src/ASF/common/services/gfx_mono/gfx_mono_c12832_a1z.o
LOAD src/ASF/xmega/drivers/usart/usart.o
LOAD src/ASF/common/services/spi/xmega_usart_spi/usart_spi.o
LOAD src/ASF/common/services/spi/xmega_spi/spi_master.o
LOAD src/ASF/common/services/gfx_mono/gfx_mono_framebuffer.o
LOAD src/ASF/common/services/gfx_mono/gfx_mono_generic.o
LOAD src/ASF/common/services/gfx_mono/gfx_mono_menu.o
LOAD src/ASF/common/services/gfx_mono/gfx_mono_spinctrl.o
LOAD src/ASF/xmega/drivers/spi/spi.o
LOAD src/ASF/common/services/gfx_mono/gfx_mono_text.o
LOAD src/ASF/common/services/gfx_mono/sysfont.o
LOAD src/ASF/xmega/drivers/adc/adc.o
LOAD src/ntc_sensor.o
LOAD src/ASF/xmega/drivers/adc/xmega_aau/adc_aau.o
LOAD src/ASF/common/services/sleepmgr/xmega/sleepmgr.o
LOAD src/ASF/common/services/clock/xmega/sysclk.o
LOAD src/ASF/xmega/drivers/nvm/nvm.o
LOAD src/ASF/xmega/drivers/nvm/nvm_asm.o
LOAD src/ASF/xmega/drivers/cpu/ccp.o
LOAD src/ASF/common/services/ioport/xmega/ioport_compat.o
LOAD src/ASF/xmega/boards/xmega_a3bu_xplained/init.o
LOAD src/main.o
START GROUP
LOAD c:/program files (x86)/atmel/studio/7.0/toolchain/avr8/avr8-gnu-toolchain/bin/../lib/gcc/avr/5.4.0/../../../../avr/lib/avrxmega6\libm.a
END GROUP
Address of section .BOOT set to 0x40000
START GROUP
LOAD c:/program files (x86)/atmel/studio/7.0/toolchain/avr8/avr8-gnu-toolchain/bin/../lib/gcc/avr/5.4.0/avrxmega6\libgcc.a
LOAD c:/program files (x86)/atmel/studio/7.0/toolchain/avr8/avr8-gnu-toolchain/bin/../lib/gcc/avr/5.4.0/../../../../avr/lib/avrxmega6\libm.a
LOAD c:/program files (x86)/atmel/studio/7.0/toolchain/avr8/avr8-gnu-toolchain/bin/../lib/gcc/avr/5.4.0/../../../../avr/lib/avrxmega6\libc.a
LOAD C:/Program Files (x86)/Atmel/Studio/7.0/Packs/atmel/XMEGAA_DFP/1.1.68/gcc/dev/atxmega256a3bu/avrxmega6\libatxmega256a3bu.a
END GROUP
                0x00100000                __TEXT_REGION_LENGTH__ = DEFINED (__TEXT_REGION_LENGTH__)?__TEXT_REGION_LENGTH__:0x100000
                0x0000ffa0                __DATA_REGION_LENGTH__ = DEFINED (__DATA_REGION_LENGTH__)?__DATA_REGION_LENGTH__:0xffa0
                0x00010000                __EEPROM_REGION_LENGTH__ = DEFINED (__EEPROM_REGION_LENGTH__)?__EEPROM_REGION_LENGTH__:0x10000
                [0x00000006]                __FUSE_REGION_LENGTH__ = DEFINED (__FUSE_REGION_LENGTH__)?__FUSE_REGION_LENGTH__:0x400
                0x00000400                __LOCK_REGION_LENGTH__ = DEFINED (__LOCK_REGION_LENGTH__)?__LOCK_REGION_LENGTH__:0x400
                0x00000400                __SIGNATURE_REGION_LENGTH__ = DEFINED (__SIGNATURE_REGION_LENGTH__)?__SIGNATURE_REGION_LENGTH__:0x400
                0x00000400                __USER_SIGNATURE_REGION_LENGTH__ = DEFINED (__USER_SIGNATURE_REGION_LENGTH__)?__USER_SIGNATURE_REGION_LENGTH__:0x400

.hash
 *(.hash)

.dynsym
 *(.dynsym)

.dynstr
 *(.dynstr)

.gnu.version
 *(.gnu.version)

.gnu.version_d
 *(.gnu.version_d)

.gnu.version_r
 *(.gnu.version_r)

.rel.init
 *(.rel.init)

.rela.init
 *(.rela.init)

.rel.text
 *(.rel.text)
 *(.rel.text.*)
 *(.rel.gnu.linkonce.t*)

.rela.text
 *(.rela.text)
 *(.rela.text.*)
 *(.rela.gnu.linkonce.t*)

.rel.fini
 *(.rel.fini)

.rela.fini
 *(.rela.fini)

.rel.rodata
 *(.rel.rodata)
 *(.rel.rodata.*)
 *(.rel.gnu.linkonce.r*)

.rela.rodata
 *(.rela.rodata)
 *(.rela.rodata.*)
 *(.rela.gnu.linkonce.r*)

.rel.data
 *(.rel.data)
 *(.rel.data.*)
 *(.rel.gnu.linkonce.d*)

.rela.data
 *(.rela.data)
 *(.rela.data.*)
 *(.rela.gnu.linkonce.d*)

.rel.ctors
 *(.rel.ctors)

.rela.ctors
 *(.rela.ctors)

.rel.dtors
 *(.rel.dtors)

.rela.dtors
 *(.rela.dtors)

.rel.got
 *(.rel.got)

.rela.got
 *(.rela.got)

.rel.bss
 *(.rel.bss)

.rela.bss
 *(.rela.bss)

.rel.plt
 *(.rel.plt)

.rela.plt
 *(.rela.plt)

.text           0x00000000     0x2b74
 *(.vectors)
 .vectors       0x00000000      0x1fc C:/Program Files (x86)/Atmel/Studio/7.0/Packs/atmel/XMEGAA_DFP/1.1.68/gcc/dev/atxmega256a3bu/avrxmega6/crtatxmega256a3bu.o
                0x00000000                __vector_default
                0x00000000                __vectors
 *(.vectors)
 *(.progmem.gcc*)
                0x000001fc                . = ALIGN (0x2)
                0x000001fc                __trampolines_start = .
 *(.trampolines)
 .trampolines   0x000001fc        0x0 linker stubs
 *(.trampolines*)
                0x000001fc                __trampolines_end = .
 *libprintf_flt.a:*(.progmem.data)
 *libc.a:*(.progmem.data)
 *(.progmem*)
 .progmem.data.sysfont_glyphs
                0x000001fc      0x292 src/ASF/common/services/gfx_mono/sysfont.o
 .progmem.data.header
                0x0000048e        0xf src/main.o
                0x0000048e                header
                0x0000049e                . = ALIGN (0x2)
 *fill*         0x0000049d        0x1 
 *(.jumptables)
 *(.jumptables*)
 *(.lowtext)
 *(.lowtext*)
                0x0000049e                __ctors_start = .
 *(.ctors)
                0x0000049e                __ctors_end = .
                0x0000049e                __dtors_start = .
 *(.dtors)
                0x0000049e                __dtors_end = .
 SORT(*)(.ctors)
 SORT(*)(.dtors)
 *(.init0)
 .init0         0x0000049e        0x0 C:/Program Files (x86)/Atmel/Studio/7.0/Packs/atmel/XMEGAA_DFP/1.1.68/gcc/dev/atxmega256a3bu/avrxmega6/crtatxmega256a3bu.o
                0x0000049e                __init
 *(.init0)
 *(.init1)
 *(.init1)
 *(.init2)
 .init2         0x0000049e       0x10 C:/Program Files (x86)/Atmel/Studio/7.0/Packs/atmel/XMEGAA_DFP/1.1.68/gcc/dev/atxmega256a3bu/avrxmega6/crtatxmega256a3bu.o
 *(.init2)
 *(.init3)
 *(.init3)
 *(.init4)
 .init4         0x000004ae       0x1a c:/program files (x86)/atmel/studio/7.0/toolchain/avr8/avr8-gnu-toolchain/bin/../lib/gcc/avr/5.4.0/avrxmega6\libgcc.a(_copy_data.o)
                0x000004ae                __do_copy_data
 .init4         0x000004c8       0x10 c:/program files (x86)/atmel/studio/7.0/toolchain/avr8/avr8-gnu-toolchain/bin/../lib/gcc/avr/5.4.0/avrxmega6\libgcc.a(_clear_bss.o)
                0x000004c8                __do_clear_bss
 *(.init4)
 *(.init5)
 *(.init5)
 *(.init6)
 *(.init6)
 *(.init7)
 *(.init7)
 *(.init8)
 *(.init8)
 *(.init9)
 .init9         0x000004d8        0x8 C:/Program Files (x86)/Atmel/Studio/7.0/Packs/atmel/XMEGAA_DFP/1.1.68/gcc/dev/atxmega256a3bu/avrxmega6/crtatxmega256a3bu.o
 *(.init9)
 *(.text)
 .text          0x000004e0        0x2 C:/Program Files (x86)/Atmel/Studio/7.0/Packs/atmel/XMEGAA_DFP/1.1.68/gcc/dev/atxmega256a3bu/avrxmega6/crtatxmega256a3bu.o
                0x000004e0                __vector_38
                0x000004e0                __vector_104
                0x000004e0                __vector_22
                0x000004e0                __vector_63
                0x000004e0                __vector_28
                0x000004e0                __vector_67
                0x000004e0                __vector_1
                0x000004e0                __vector_119
                0x000004e0                __vector_32
                0x000004e0                __vector_75
                0x000004e0                __vector_91
                0x000004e0                __vector_34
                0x000004e0                __vector_62
                0x000004e0                __vector_77
                0x000004e0                __vector_102
                0x000004e0                __vector_24
                0x000004e0                __vector_12
                0x000004e0                __vector_55
                0x000004e0                __vector_69
                0x000004e0                __vector_81
                0x000004e0                __vector_90
                0x000004e0                __vector_46
                0x000004e0                __bad_interrupt
                0x000004e0                __vector_122
                0x000004e0                __vector_114
                0x000004e0                __vector_6
                0x000004e0                __vector_110
                0x000004e0                __vector_31
                0x000004e0                __vector_92
                0x000004e0                __vector_35
                0x000004e0                __vector_78
                0x000004e0                __vector_117
                0x000004e0                __vector_107
                0x000004e0                __vector_3
                0x000004e0                __vector_105
                0x000004e0                __vector_98
                0x000004e0                __vector_23
                0x000004e0                __vector_68
                0x000004e0                __vector_30
                0x000004e0                __vector_45
                0x000004e0                __vector_25
                0x000004e0                __vector_93
                0x000004e0                __vector_61
                0x000004e0                __vector_11
                0x000004e0                __vector_54
                0x000004e0                __vector_99
                0x000004e0                __vector_13
                0x000004e0                __vector_17
                0x000004e0                __vector_19
                0x000004e0                __vector_56
                0x000004e0                __vector_7
                0x000004e0                __vector_125
                0x000004e0                __vector_49
                0x000004e0                __vector_123
                0x000004e0                __vector_86
                0x000004e0                __vector_100
                0x000004e0                __vector_101
                0x000004e0                __vector_64
                0x000004e0                __vector_88
                0x000004e0                __vector_109
                0x000004e0                __vector_43
                0x000004e0                __vector_27
                0x000004e0                __vector_5
                0x000004e0                __vector_113
                0x000004e0                __vector_33
                0x000004e0                __vector_76
                0x000004e0                __vector_115
                0x000004e0                __vector_47
                0x000004e0                __vector_52
                0x000004e0                __vector_37
                0x000004e0                __vector_95
                0x000004e0                __vector_103
                0x000004e0                __vector_96
                0x000004e0                __vector_89
                0x000004e0                __vector_108
                0x000004e0                __vector_4
                0x000004e0                __vector_44
                0x000004e0                __vector_82
                0x000004e0                __vector_106
                0x000004e0                __vector_118
                0x000004e0                __vector_51
                0x000004e0                __vector_9
                0x000004e0                __vector_2
                0x000004e0                __vector_21
                0x000004e0                __vector_15
                0x000004e0                __vector_66
                0x000004e0                __vector_36
                0x000004e0                __vector_79
                0x000004e0                __vector_58
                0x000004e0                __vector_70
                0x000004e0                __vector_83
                0x000004e0                __vector_29
                0x000004e0                __vector_60
                0x000004e0                __vector_121
                0x000004e0                __vector_85
                0x000004e0                __vector_94
                0x000004e0                __vector_126
                0x000004e0                __vector_8
                0x000004e0                __vector_26
                0x000004e0                __vector_48
                0x000004e0                __vector_124
                0x000004e0                __vector_116
                0x000004e0                __vector_112
                0x000004e0                __vector_111
                0x000004e0                __vector_80
                0x000004e0                __vector_14
                0x000004e0                __vector_84
                0x000004e0                __vector_57
                0x000004e0                __vector_53
                0x000004e0                __vector_10
                0x000004e0                __vector_50
                0x000004e0                __vector_16
                0x000004e0                __vector_59
                0x000004e0                __vector_18
                0x000004e0                __vector_97
                0x000004e0                __vector_20
                0x000004e0                __vector_87
                0x000004e0                __vector_65
                0x000004e0                __vector_120
                0x000004e2                . = ALIGN (0x2)
 *(.text.*)
 .text.adc_handler
                0x000004e2       0xd0 src/adc_sensors.o
                0x000004e2                adc_handler
 .text.ntc_data_is_ready
                0x000005b2       0x2c src/adc_sensors.o
                0x000005b2                ntc_data_is_ready
 .text.adc_sensors_init
                0x000005de       0xa8 src/adc_sensors.o
                0x000005de                adc_sensors_init
 .text.ntc_get_temperature
                0x00000686       0x60 src/adc_sensors.o
                0x00000686                ntc_get_temperature
 .text.__portable_avr_delay_cycles
                0x000006e6       0x16 src/ASF/common/components/display/st7565r/st7565r.o
 .text.st7565r_init
                0x000006fc      0x388 src/ASF/common/components/display/st7565r/st7565r.o
                0x000006fc                st7565r_init
 .text.gfx_mono_st7565r_put_page
                0x00000a84      0x1a6 src/ASF/common/services/gfx_mono/gfx_mono_c12832_a1z.o
                0x00000a84                gfx_mono_st7565r_put_page
 .text.gfx_mono_st7565r_put_byte
                0x00000c2a      0x14e src/ASF/common/services/gfx_mono/gfx_mono_c12832_a1z.o
                0x00000c2a                gfx_mono_st7565r_put_byte
 .text.gfx_mono_st7565r_init
                0x00000d78       0x84 src/ASF/common/services/gfx_mono/gfx_mono_c12832_a1z.o
                0x00000d78                gfx_mono_st7565r_init
 .text.gfx_mono_st7565r_draw_pixel
                0x00000dfc       0x6c src/ASF/common/services/gfx_mono/gfx_mono_c12832_a1z.o
                0x00000dfc                gfx_mono_st7565r_draw_pixel
 .text.gfx_mono_st7565r_get_byte
                0x00000e68        0x4 src/ASF/common/services/gfx_mono/gfx_mono_c12832_a1z.o
                0x00000e68                gfx_mono_st7565r_get_byte
 .text.gfx_mono_st7565r_mask_byte
                0x00000e6c       0x3c src/ASF/common/services/gfx_mono/gfx_mono_c12832_a1z.o
                0x00000e6c                gfx_mono_st7565r_mask_byte
 .text.usart_spi_set_baudrate
                0x00000ea8       0x64 src/ASF/xmega/drivers/usart/usart.o
                0x00000ea8                usart_spi_set_baudrate
 .text.usart_init_spi
                0x00000f0c      0x3ca src/ASF/xmega/drivers/usart/usart.o
                0x00000f0c                usart_init_spi
 .text.usart_spi_init
                0x000012d6       0x5e src/ASF/common/services/spi/xmega_usart_spi/usart_spi.o
                0x000012d6                usart_spi_init
 .text.usart_spi_setup_device
                0x00001334       0x34 src/ASF/common/services/spi/xmega_usart_spi/usart_spi.o
                0x00001334                usart_spi_setup_device
 .text.usart_spi_select_device
                0x00001368       0x2c src/ASF/common/services/spi/xmega_usart_spi/usart_spi.o
                0x00001368                usart_spi_select_device
 .text.usart_spi_deselect_device
                0x00001394       0x2c src/ASF/common/services/spi/xmega_usart_spi/usart_spi.o
                0x00001394                usart_spi_deselect_device
 .text.gfx_mono_set_framebuffer
                0x000013c0        0xa src/ASF/common/services/gfx_mono/gfx_mono_framebuffer.o
                0x000013c0                gfx_mono_set_framebuffer
 .text.gfx_mono_framebuffer_put_page
                0x000013ca       0x28 src/ASF/common/services/gfx_mono/gfx_mono_framebuffer.o
                0x000013ca                gfx_mono_framebuffer_put_page
 .text.gfx_mono_framebuffer_put_byte
                0x000013f2       0x1c src/ASF/common/services/gfx_mono/gfx_mono_framebuffer.o
                0x000013f2                gfx_mono_framebuffer_put_byte
 .text.gfx_mono_framebuffer_get_byte
                0x0000140e       0x1c src/ASF/common/services/gfx_mono/gfx_mono_framebuffer.o
                0x0000140e                gfx_mono_framebuffer_get_byte
 .text.gfx_mono_generic_draw_horizontal_line
                0x0000142a       0xc4 src/ASF/common/services/gfx_mono/gfx_mono_generic.o
                0x0000142a                gfx_mono_generic_draw_horizontal_line
 .text.gfx_mono_generic_draw_vertical_line
                0x000014ee       0xac src/ASF/common/services/gfx_mono/gfx_mono_generic.o
                0x000014ee                gfx_mono_generic_draw_vertical_line
 .text.gfx_mono_generic_draw_rect
                0x0000159a       0x48 src/ASF/common/services/gfx_mono/gfx_mono_generic.o
                0x0000159a                gfx_mono_generic_draw_rect
 .text.gfx_mono_generic_draw_filled_rect
                0x000015e2       0x34 src/ASF/common/services/gfx_mono/gfx_mono_generic.o
                0x000015e2                gfx_mono_generic_draw_filled_rect
 .text.gfx_mono_generic_put_bitmap
                0x00001616       0xd2 src/ASF/common/services/gfx_mono/gfx_mono_generic.o
                0x00001616                gfx_mono_generic_put_bitmap
 .text.gfx_mono_draw_char
                0x000016e8       0xba src/ASF/common/services/gfx_mono/gfx_mono_text.o
                0x000016e8                gfx_mono_draw_char
 .text.gfx_mono_draw_string
                0x000017a2       0x52 src/ASF/common/services/gfx_mono/gfx_mono_text.o
                0x000017a2                gfx_mono_draw_string
 .text.gfx_mono_draw_progmem_string
                0x000017f4       0x5c src/ASF/common/services/gfx_mono/gfx_mono_text.o
                0x000017f4                gfx_mono_draw_progmem_string
 .text.adc_set_callback
                0x00001850       0x40 src/ASF/xmega/drivers/adc/adc.o
                0x00001850                adc_set_callback
 .text.adc_enable_clock
                0x00001890       0x3e src/ASF/xmega/drivers/adc/adc.o
                0x00001890                adc_enable_clock
 .text.adc_disable_clock
                0x000018ce       0x3a src/ASF/xmega/drivers/adc/adc.o
                0x000018ce                adc_disable_clock
 .text.adc_enable
                0x00001908       0x58 src/ASF/xmega/drivers/adc/adc.o
                0x00001908                adc_enable
 .text.read_temperature
                0x00001960       0x38 src/ntc_sensor.o
                0x00001960                read_temperature
 .text.__vector_71
                0x00001998       0x64 src/ASF/xmega/drivers/adc/xmega_aau/adc_aau.o
                0x00001998                __vector_71
 .text.__vector_72
                0x000019fc       0x64 src/ASF/xmega/drivers/adc/xmega_aau/adc_aau.o
                0x000019fc                __vector_72
 .text.__vector_73
                0x00001a60       0x64 src/ASF/xmega/drivers/adc/xmega_aau/adc_aau.o
                0x00001a60                __vector_73
 .text.__vector_74
                0x00001ac4       0x64 src/ASF/xmega/drivers/adc/xmega_aau/adc_aau.o
                0x00001ac4                __vector_74
 .text.__vector_39
                0x00001b28       0x64 src/ASF/xmega/drivers/adc/xmega_aau/adc_aau.o
                0x00001b28                __vector_39
 .text.__vector_40
                0x00001b8c       0x64 src/ASF/xmega/drivers/adc/xmega_aau/adc_aau.o
                0x00001b8c                __vector_40
 .text.__vector_41
                0x00001bf0       0x64 src/ASF/xmega/drivers/adc/xmega_aau/adc_aau.o
                0x00001bf0                __vector_41
 .text.__vector_42
                0x00001c54       0x64 src/ASF/xmega/drivers/adc/xmega_aau/adc_aau.o
                0x00001c54                __vector_42
 .text.adc_write_configuration
                0x00001cb8       0xcc src/ASF/xmega/drivers/adc/xmega_aau/adc_aau.o
                0x00001cb8                adc_write_configuration
 .text.adc_read_configuration
                0x00001d84       0x72 src/ASF/xmega/drivers/adc/xmega_aau/adc_aau.o
                0x00001d84                adc_read_configuration
 .text.adcch_write_configuration
                0x00001df6       0x96 src/ASF/xmega/drivers/adc/xmega_aau/adc_aau.o
                0x00001df6                adcch_write_configuration
 .text.adcch_read_configuration
                0x00001e8c       0x96 src/ASF/xmega/drivers/adc/xmega_aau/adc_aau.o
                0x00001e8c                adcch_read_configuration
 .text.sysclk_init
                0x00001f22       0x20 src/ASF/common/services/clock/xmega/sysclk.o
                0x00001f22                sysclk_init
 .text.sysclk_enable_module
                0x00001f42       0x2c src/ASF/common/services/clock/xmega/sysclk.o
                0x00001f42                sysclk_enable_module
 .text.sysclk_disable_module
                0x00001f6e       0x2a src/ASF/common/services/clock/xmega/sysclk.o
                0x00001f6e                sysclk_disable_module
 .text.nvm_read_byte
                0x00001f98       0x14 src/ASF/xmega/drivers/nvm/nvm_asm.o
                0x00001f98                nvm_read_byte
 .text.ioport_configure_port_pin
                0x00001fac       0x4e src/ASF/common/services/ioport/xmega/ioport_compat.o
                0x00001fac                ioport_configure_port_pin
 .text.board_init
                0x00001ffa      0x13a src/ASF/xmega/boards/xmega_a3bu_xplained/init.o
                0x00001ffa                board_init
 .text.main     0x00002134      0x130 src/main.o
                0x00002134                main
 .text.avr-libc.fplib
                0x00002264        0xa c:/program files (x86)/atmel/studio/7.0/toolchain/avr8/avr8-gnu-toolchain/bin/../lib/gcc/avr/5.4.0/../../../../avr/lib/avrxmega6\libm.a(addsf3.o)
                0x00002264                __subsf3
                0x00002266                __addsf3
 .text.avr-libc.fplib
                0x0000226e       0xc0 c:/program files (x86)/atmel/studio/7.0/toolchain/avr8/avr8-gnu-toolchain/bin/../lib/gcc/avr/5.4.0/../../../../avr/lib/avrxmega6\libm.a(addsf3x.o)
                0x00002288                __addsf3x
 .text.avr-libc.fplib
                0x0000232e        0xa c:/program files (x86)/atmel/studio/7.0/toolchain/avr8/avr8-gnu-toolchain/bin/../lib/gcc/avr/5.4.0/../../../../avr/lib/avrxmega6\libm.a(fixsfsi.o)
                0x0000232e                __fixsfsi
 .text.avr-libc.fplib
                0x00002338       0x58 c:/program files (x86)/atmel/studio/7.0/toolchain/avr8/avr8-gnu-toolchain/bin/../lib/gcc/avr/5.4.0/../../../../avr/lib/avrxmega6\libm.a(fixunssfsi.o)
                0x00002338                __fixunssfsi
 .text.avr-libc.fplib
                0x00002390       0x7a c:/program files (x86)/atmel/studio/7.0/toolchain/avr8/avr8-gnu-toolchain/bin/../lib/gcc/avr/5.4.0/../../../../avr/lib/avrxmega6\libm.a(floatsisf.o)
                0x00002390                __floatunsisf
                0x00002394                __floatsisf
 .text.avr-libc.fplib
                0x0000240a        0xc c:/program files (x86)/atmel/studio/7.0/toolchain/avr8/avr8-gnu-toolchain/bin/../lib/gcc/avr/5.4.0/../../../../avr/lib/avrxmega6\libm.a(fp_inf.o)
                0x0000240a                __fp_inf
 .text.avr-libc.fplib
                0x00002416        0x6 c:/program files (x86)/atmel/studio/7.0/toolchain/avr8/avr8-gnu-toolchain/bin/../lib/gcc/avr/5.4.0/../../../../avr/lib/avrxmega6\libm.a(fp_nan.o)
                0x00002416                __fp_nan
 .text.avr-libc.fplib
                0x0000241c        0xe c:/program files (x86)/atmel/studio/7.0/toolchain/avr8/avr8-gnu-toolchain/bin/../lib/gcc/avr/5.4.0/../../../../avr/lib/avrxmega6\libm.a(fp_pscA.o)
                0x0000241c                __fp_pscA
 .text.avr-libc.fplib
                0x0000242a        0xe c:/program files (x86)/atmel/studio/7.0/toolchain/avr8/avr8-gnu-toolchain/bin/../lib/gcc/avr/5.4.0/../../../../avr/lib/avrxmega6\libm.a(fp_pscB.o)
                0x0000242a                __fp_pscB
 .text.avr-libc.fplib
                0x00002438       0x22 c:/program files (x86)/atmel/studio/7.0/toolchain/avr8/avr8-gnu-toolchain/bin/../lib/gcc/avr/5.4.0/../../../../avr/lib/avrxmega6\libm.a(fp_round.o)
                0x00002438                __fp_round
 .text.avr-libc.fplib
                0x0000245a       0x44 c:/program files (x86)/atmel/studio/7.0/toolchain/avr8/avr8-gnu-toolchain/bin/../lib/gcc/avr/5.4.0/../../../../avr/lib/avrxmega6\libm.a(fp_split3.o)
                0x0000245a                __fp_split3
                0x0000246a                __fp_splitA
 .text.avr-libc.fplib
                0x0000249e        0xe c:/program files (x86)/atmel/studio/7.0/toolchain/avr8/avr8-gnu-toolchain/bin/../lib/gcc/avr/5.4.0/../../../../avr/lib/avrxmega6\libm.a(fp_zero.o)
                0x0000249e                __fp_zero
                0x000024a0                __fp_szero
 .text.avr-libc.fplib
                0x000024ac        0x4 c:/program files (x86)/atmel/studio/7.0/toolchain/avr8/avr8-gnu-toolchain/bin/../lib/gcc/avr/5.4.0/../../../../avr/lib/avrxmega6\libm.a(mulsf3.o)
                0x000024ac                __mulsf3
 .text.avr-libc.fplib
                0x000024b0       0xc2 c:/program files (x86)/atmel/studio/7.0/toolchain/avr8/avr8-gnu-toolchain/bin/../lib/gcc/avr/5.4.0/../../../../avr/lib/avrxmega6\libm.a(mulsf3x.o)
                0x000024c4                __mulsf3x
                0x000024c8                __mulsf3_pse
 .text.libgcc.div
                0x00002572       0x44 c:/program files (x86)/atmel/studio/7.0/toolchain/avr8/avr8-gnu-toolchain/bin/../lib/gcc/avr/5.4.0/avrxmega6\libgcc.a(_udivmodsi4.o)
                0x00002572                __udivmodsi4
 .text.avr-libc
                0x000025b6       0x6c c:/program files (x86)/atmel/studio/7.0/toolchain/avr8/avr8-gnu-toolchain/bin/../lib/gcc/avr/5.4.0/../../../../avr/lib/avrxmega6\libc.a(snprintf.o)
                0x000025b6                snprintf
 .text.avr-libc
                0x00002622      0x3ee c:/program files (x86)/atmel/studio/7.0/toolchain/avr8/avr8-gnu-toolchain/bin/../lib/gcc/avr/5.4.0/../../../../avr/lib/avrxmega6\libc.a(vfprintf_std.o)
                0x00002622                vfprintf
 .text.avr-libc
                0x00002a10       0x16 c:/program files (x86)/atmel/studio/7.0/toolchain/avr8/avr8-gnu-toolchain/bin/../lib/gcc/avr/5.4.0/../../../../avr/lib/avrxmega6\libc.a(strnlen_P.o)
                0x00002a10                strnlen_P
 .text.avr-libc
                0x00002a26       0x16 c:/program files (x86)/atmel/studio/7.0/toolchain/avr8/avr8-gnu-toolchain/bin/../lib/gcc/avr/5.4.0/../../../../avr/lib/avrxmega6\libc.a(strnlen.o)
                0x00002a26                strnlen
 .text.avr-libc
                0x00002a3c       0x78 c:/program files (x86)/atmel/studio/7.0/toolchain/avr8/avr8-gnu-toolchain/bin/../lib/gcc/avr/5.4.0/../../../../avr/lib/avrxmega6\libc.a(fputc.o)
                0x00002a3c                fputc
 .text.avr-libc
                0x00002ab4       0xbc c:/program files (x86)/atmel/studio/7.0/toolchain/avr8/avr8-gnu-toolchain/bin/../lib/gcc/avr/5.4.0/../../../../avr/lib/avrxmega6\libc.a(ultoa_invert.o)
                0x00002ab4                __ultoa_invert
                0x00002b70                . = ALIGN (0x2)
 *(.fini9)
 .fini9         0x00002b70        0x0 c:/program files (x86)/atmel/studio/7.0/toolchain/avr8/avr8-gnu-toolchain/bin/../lib/gcc/avr/5.4.0/avrxmega6\libgcc.a(_exit.o)
                0x00002b70                _exit
                0x00002b70                exit
 *(.fini9)
 *(.fini8)
 *(.fini8)
 *(.fini7)
 *(.fini7)
 *(.fini6)
 *(.fini6)
 *(.fini5)
 *(.fini5)
 *(.fini4)
 *(.fini4)
 *(.fini3)
 *(.fini3)
 *(.fini2)
 *(.fini2)
 *(.fini1)
 *(.fini1)
 *(.fini0)
 .fini0         0x00002b70        0x4 c:/program files (x86)/atmel/studio/7.0/toolchain/avr8/avr8-gnu-toolchain/bin/../lib/gcc/avr/5.4.0/avrxmega6\libgcc.a(_exit.o)
 *(.fini0)
                0x00002b74                _etext = .

.data           0x00802000       0x38 load address 0x00002b74
                0x00802000                PROVIDE (__data_start, .)
 *(.data)
 *(.data*)
 .data.sysfont  0x00802000        0x7 src/ASF/common/services/gfx_mono/sysfont.o
                0x00802000                sysfont
 .data.tempscale_data
                0x00802007       0x18 src/main.o
                0x00802007                tempscale_data
 *(.gnu.linkonce.d*)
 *(.rodata)
 *(.rodata*)
 .rodata.str1.1
                0x0080201f       0x18 src/main.o
 *(.gnu.linkonce.r*)
                0x00802038                . = ALIGN (0x2)
 *fill*         0x00802037        0x1 
                0x00802038                _edata = .
                0x00802038                PROVIDE (__data_end, .)

.bss            0x00802038      0x216
                0x00802038                PROVIDE (__bss_start, .)
 *(.bss)
 *(.bss*)
 .bss.ntc_sensor_samples.5067
                0x00802038        0x1 src/adc_sensors.o
 .bss.light_sensor_samples.5066
                0x00802039        0x1 src/adc_sensors.o
 .bss.light_sensor_sample
                0x0080203a        0x2 src/adc_sensors.o
                0x0080203a                light_sensor_sample
 .bss.ntc_sensor_sample
                0x0080203c        0x2 src/adc_sensors.o
                0x0080203c                ntc_sensor_sample
 .bss.light_sensor_data_ready
                0x0080203e        0x1 src/adc_sensors.o
                0x0080203e                light_sensor_data_ready
 .bss.ntc_sensor_data_ready
                0x0080203f        0x1 src/adc_sensors.o
                0x0080203f                ntc_sensor_data_ready
 .bss.framebuffer
                0x00802040      0x200 src/ASF/common/services/gfx_mono/gfx_mono_c12832_a1z.o
 .bss.fbpointer
                0x00802240        0x2 src/ASF/common/services/gfx_mono/gfx_mono_framebuffer.o
 .bss.adcb_enable_count
                0x00802242        0x1 src/ASF/xmega/drivers/adc/adc.o
 .bss.adca_enable_count
                0x00802243        0x1 src/ASF/xmega/drivers/adc/adc.o
 *(COMMON)
 COMMON         0x00802244        0x4 src/ASF/xmega/drivers/adc/adc.o
                0x00802244                adcb_callback
                0x00802246                adca_callback
 COMMON         0x00802248        0x6 src/ASF/common/services/sleepmgr/xmega/sleepmgr.o
                0x00802248                sleepmgr_locks
                0x0080224e                PROVIDE (__bss_end, .)
                0x00002b74                __data_load_start = LOADADDR (.data)
                0x00002bac                __data_load_end = (__data_load_start + SIZEOF (.data))

.noinit         0x0080224e        0x0
                [!provide]                PROVIDE (__noinit_start, .)
 *(.noinit*)
                [!provide]                PROVIDE (__noinit_end, .)
                0x0080224e                _end = .
                [!provide]                PROVIDE (__heap_start, .)

.eeprom         0x00810000        0x0
 *(.eeprom*)
                0x00810000                __eeprom_end = .

.fuse
 *(.fuse)
 *(.lfuse)
 *(.hfuse)
 *(.efuse)

.lock
 *(.lock*)

.signature
 *(.signature*)

.user_signatures
 *(.user_signatures*)

.stab
 *(.stab)

.stabstr
 *(.stabstr)

.stab.excl
 *(.stab.excl)

.stab.exclstr
 *(.stab.exclstr)

.stab.index
 *(.stab.index)

.stab.indexstr
 *(.stab.indexstr)

.comment        0x00000000       0x5c
 *(.comment)
 .comment       0x00000000       0x30 src/adc_sensors.o
                                 0x31 (size before relaxing)
 .comment       0x00000030       0x31 src/ASF/common/components/display/st7565r/st7565r.o
 .comment       0x00000030       0x31 src/ASF/common/services/gfx_mono/gfx_mono_c12832_a1z.o
 .comment       0x00000030       0x31 src/ASF/xmega/drivers/usart/usart.o
 .comment       0x00000030       0x31 src/ASF/common/services/spi/xmega_usart_spi/usart_spi.o
 .comment       0x00000030       0x31 src/ASF/common/services/gfx_mono/gfx_mono_framebuffer.o
 .comment       0x00000030       0x31 src/ASF/common/services/gfx_mono/gfx_mono_generic.o
 .comment       0x00000030       0x31 src/ASF/common/services/gfx_mono/gfx_mono_text.o
 .comment       0x00000030       0x31 src/ASF/common/services/gfx_mono/sysfont.o
 .comment       0x00000030       0x31 src/ASF/xmega/drivers/adc/adc.o
 .comment       0x00000030       0x31 src/ntc_sensor.o
 .comment       0x00000030       0x31 src/ASF/xmega/drivers/adc/xmega_aau/adc_aau.o
 .comment       0x00000030       0x31 src/ASF/common/services/sleepmgr/xmega/sleepmgr.o
 .comment       0x00000030       0x31 src/ASF/common/services/clock/xmega/sysclk.o
 .comment       0x00000030       0x31 src/ASF/common/services/ioport/xmega/ioport_compat.o
 .comment       0x00000030       0x31 src/ASF/xmega/boards/xmega_a3bu_xplained/init.o
 .comment       0x00000030       0x31 src/main.o
 .comment       0x00000030       0x31 c:/program files (x86)/atmel/studio/7.0/toolchain/avr8/avr8-gnu-toolchain/bin/../lib/gcc/avr/5.4.0/../../../../avr/lib/avrxmega6\libc.a(snprintf.o)
 .comment       0x00000030       0x2c c:/program files (x86)/atmel/studio/7.0/toolchain/avr8/avr8-gnu-toolchain/bin/../lib/gcc/avr/5.4.0/../../../../avr/lib/avrxmega6\libc.a(vfprintf_std.o)
                                 0x2d (size before relaxing)
 .comment       0x0000005c       0x31 c:/program files (x86)/atmel/studio/7.0/toolchain/avr8/avr8-gnu-toolchain/bin/../lib/gcc/avr/5.4.0/../../../../avr/lib/avrxmega6\libc.a(fputc.o)

.note.gnu.avr.deviceinfo
                0x00000000       0x44
 .note.gnu.avr.deviceinfo
                0x00000000       0x44 C:/Program Files (x86)/Atmel/Studio/7.0/Packs/atmel/XMEGAA_DFP/1.1.68/gcc/dev/atxmega256a3bu/avrxmega6/crtatxmega256a3bu.o

.note.gnu.build-id
 *(.note.gnu.build-id)

.debug
 *(.debug)

.line
 *(.line)

.debug_srcinfo
 *(.debug_srcinfo)

.debug_sfnames
 *(.debug_sfnames)

.debug_aranges  0x00000000      0x440
 *(.debug_aranges)
 .debug_aranges
                0x00000000       0x50 src/adc_sensors.o
 .debug_aranges
                0x00000050       0x28 src/ASF/common/components/display/st7565r/st7565r.o
 .debug_aranges
                0x00000078       0x60 src/ASF/common/services/gfx_mono/gfx_mono_c12832_a1z.o
 .debug_aranges
                0x000000d8       0x58 src/ASF/xmega/drivers/usart/usart.o
 .debug_aranges
                0x00000130       0x48 src/ASF/common/services/spi/xmega_usart_spi/usart_spi.o
 .debug_aranges
                0x00000178       0x58 src/ASF/common/services/gfx_mono/gfx_mono_framebuffer.o
 .debug_aranges
                0x000001d0       0x58 src/ASF/common/services/gfx_mono/gfx_mono_generic.o
 .debug_aranges
                0x00000228       0x40 src/ASF/common/services/gfx_mono/gfx_mono_text.o
 .debug_aranges
                0x00000268       0x18 src/ASF/common/services/gfx_mono/sysfont.o
 .debug_aranges
                0x00000280       0x48 src/ASF/xmega/drivers/adc/adc.o
 .debug_aranges
                0x000002c8       0x20 src/ntc_sensor.o
 .debug_aranges
                0x000002e8       0x78 src/ASF/xmega/drivers/adc/xmega_aau/adc_aau.o
 .debug_aranges
                0x00000360       0x18 src/ASF/common/services/sleepmgr/xmega/sleepmgr.o
 .debug_aranges
                0x00000378       0x40 src/ASF/common/services/clock/xmega/sysclk.o
 .debug_aranges
                0x000003b8       0x28 src/ASF/xmega/drivers/nvm/nvm_asm.o
 .debug_aranges
                0x000003e0       0x20 src/ASF/common/services/ioport/xmega/ioport_compat.o
 .debug_aranges
                0x00000400       0x20 src/ASF/xmega/boards/xmega_a3bu_xplained/init.o
 .debug_aranges
                0x00000420       0x20 src/main.o

.debug_pubnames
 *(.debug_pubnames)

.debug_info     0x00000000    0x10d2c
 *(.debug_info .gnu.linkonce.wi.*)
 .debug_info    0x00000000     0x3379 C:/Program Files (x86)/Atmel/Studio/7.0/Packs/atmel/XMEGAA_DFP/1.1.68/gcc/dev/atxmega256a3bu/avrxmega6/crtatxmega256a3bu.o
 .debug_info    0x00003379     0x1237 src/adc_sensors.o
 .debug_info    0x000045b0     0x1945 src/ASF/common/components/display/st7565r/st7565r.o
 .debug_info    0x00005ef5     0x1de2 src/ASF/common/services/gfx_mono/gfx_mono_c12832_a1z.o
 .debug_info    0x00007cd7     0x2ce5 src/ASF/xmega/drivers/usart/usart.o
 .debug_info    0x0000a9bc      0xb7e src/ASF/common/services/spi/xmega_usart_spi/usart_spi.o
 .debug_info    0x0000b53a      0x487 src/ASF/common/services/gfx_mono/gfx_mono_framebuffer.o
 .debug_info    0x0000b9c1      0xc10 src/ASF/common/services/gfx_mono/gfx_mono_generic.o
 .debug_info    0x0000c5d1      0x71b src/ASF/common/services/gfx_mono/gfx_mono_text.o
 .debug_info    0x0000ccec      0x1af src/ASF/common/services/gfx_mono/sysfont.o
 .debug_info    0x0000ce9b      0xa91 src/ASF/xmega/drivers/adc/adc.o
 .debug_info    0x0000d92c      0x6cb src/ntc_sensor.o
 .debug_info    0x0000dff7      0xe99 src/ASF/xmega/drivers/adc/xmega_aau/adc_aau.o
 .debug_info    0x0000ee90      0x129 src/ASF/common/services/sleepmgr/xmega/sleepmgr.o
 .debug_info    0x0000efb9      0x71c src/ASF/common/services/clock/xmega/sysclk.o
 .debug_info    0x0000f6d5       0x95 src/ASF/xmega/drivers/nvm/nvm_asm.o
 .debug_info    0x0000f76a      0x121 src/ASF/common/services/ioport/xmega/ioport_compat.o
 .debug_info    0x0000f88b      0xaeb src/ASF/xmega/boards/xmega_a3bu_xplained/init.o
 .debug_info    0x00010376      0x9b6 src/main.o

.debug_abbrev   0x00000000     0x5704
 *(.debug_abbrev)
 .debug_abbrev  0x00000000     0x30c4 C:/Program Files (x86)/Atmel/Studio/7.0/Packs/atmel/XMEGAA_DFP/1.1.68/gcc/dev/atxmega256a3bu/avrxmega6/crtatxmega256a3bu.o
 .debug_abbrev  0x000030c4      0x38e src/adc_sensors.o
 .debug_abbrev  0x00003452      0x2a0 src/ASF/common/components/display/st7565r/st7565r.o
 .debug_abbrev  0x000036f2      0x385 src/ASF/common/services/gfx_mono/gfx_mono_c12832_a1z.o
 .debug_abbrev  0x00003a77      0x3f5 src/ASF/xmega/drivers/usart/usart.o
 .debug_abbrev  0x00003e6c      0x2d8 src/ASF/common/services/spi/xmega_usart_spi/usart_spi.o
 .debug_abbrev  0x00004144      0x174 src/ASF/common/services/gfx_mono/gfx_mono_framebuffer.o
 .debug_abbrev  0x000042b8      0x1ac src/ASF/common/services/gfx_mono/gfx_mono_generic.o
 .debug_abbrev  0x00004464      0x21c src/ASF/common/services/gfx_mono/gfx_mono_text.o
 .debug_abbrev  0x00004680       0xe2 src/ASF/common/services/gfx_mono/sysfont.o
 .debug_abbrev  0x00004762      0x2d2 src/ASF/xmega/drivers/adc/adc.o
 .debug_abbrev  0x00004a34      0x28e src/ntc_sensor.o
 .debug_abbrev  0x00004cc2      0x320 src/ASF/xmega/drivers/adc/xmega_aau/adc_aau.o
 .debug_abbrev  0x00004fe2       0x84 src/ASF/common/services/sleepmgr/xmega/sleepmgr.o
 .debug_abbrev  0x00005066      0x218 src/ASF/common/services/clock/xmega/sysclk.o
 .debug_abbrev  0x0000527e       0x12 src/ASF/xmega/drivers/nvm/nvm_asm.o
 .debug_abbrev  0x00005290       0x95 src/ASF/common/services/ioport/xmega/ioport_compat.o
 .debug_abbrev  0x00005325      0x14a src/ASF/xmega/boards/xmega_a3bu_xplained/init.o
 .debug_abbrev  0x0000546f      0x295 src/main.o

.debug_line     0x00000000     0x9a53
 *(.debug_line .debug_line.* .debug_line_end)
 .debug_line    0x00000000      0x39d C:/Program Files (x86)/Atmel/Studio/7.0/Packs/atmel/XMEGAA_DFP/1.1.68/gcc/dev/atxmega256a3bu/avrxmega6/crtatxmega256a3bu.o
 .debug_line    0x0000039d      0x879 src/adc_sensors.o
 .debug_line    0x00000c16      0xac3 src/ASF/common/components/display/st7565r/st7565r.o
 .debug_line    0x000016d9      0xda7 src/ASF/common/services/gfx_mono/gfx_mono_c12832_a1z.o
 .debug_line    0x00002480      0xc9d src/ASF/xmega/drivers/usart/usart.o
 .debug_line    0x0000311d      0x7d6 src/ASF/common/services/spi/xmega_usart_spi/usart_spi.o
 .debug_line    0x000038f3      0x918 src/ASF/common/services/gfx_mono/gfx_mono_framebuffer.o
 .debug_line    0x0000420b      0xc05 src/ASF/common/services/gfx_mono/gfx_mono_generic.o
 .debug_line    0x00004e10      0x9a2 src/ASF/common/services/gfx_mono/gfx_mono_text.o
 .debug_line    0x000057b2      0x7c2 src/ASF/common/services/gfx_mono/sysfont.o
 .debug_line    0x00005f74      0x7c5 src/ASF/xmega/drivers/adc/adc.o
 .debug_line    0x00006739      0x958 src/ntc_sensor.o
 .debug_line    0x00007091      0x975 src/ASF/xmega/drivers/adc/xmega_aau/adc_aau.o
 .debug_line    0x00007a06      0x457 src/ASF/common/services/sleepmgr/xmega/sleepmgr.o
 .debug_line    0x00007e5d      0x630 src/ASF/common/services/clock/xmega/sysclk.o
 .debug_line    0x0000848d      0x11f src/ASF/xmega/drivers/nvm/nvm_asm.o
 .debug_line    0x000085ac      0x4b4 src/ASF/common/services/ioport/xmega/ioport_compat.o
 .debug_line    0x00008a60      0x4df src/ASF/xmega/boards/xmega_a3bu_xplained/init.o
 .debug_line    0x00008f3f      0xb14 src/main.o

.debug_frame    0x00000000      0xea4
 *(.debug_frame)
 .debug_frame   0x00000000       0xd8 src/adc_sensors.o
 .debug_frame   0x000000d8       0x68 src/ASF/common/components/display/st7565r/st7565r.o
 .debug_frame   0x00000140      0x1b4 src/ASF/common/services/gfx_mono/gfx_mono_c12832_a1z.o
 .debug_frame   0x000002f4      0x14c src/ASF/xmega/drivers/usart/usart.o
 .debug_frame   0x00000440       0x90 src/ASF/common/services/spi/xmega_usart_spi/usart_spi.o
 .debug_frame   0x000004d0       0xd0 src/ASF/common/services/gfx_mono/gfx_mono_framebuffer.o
 .debug_frame   0x000005a0      0x214 src/ASF/common/services/gfx_mono/gfx_mono_generic.o
 .debug_frame   0x000007b4      0x100 src/ASF/common/services/gfx_mono/gfx_mono_text.o
 .debug_frame   0x000008b4       0xbc src/ASF/xmega/drivers/adc/adc.o
 .debug_frame   0x00000970       0x34 src/ntc_sensor.o
 .debug_frame   0x000009a4      0x3e4 src/ASF/xmega/drivers/adc/xmega_aau/adc_aau.o
 .debug_frame   0x00000d88       0x94 src/ASF/common/services/clock/xmega/sysclk.o
 .debug_frame   0x00000e1c       0x30 src/ASF/common/services/ioport/xmega/ioport_compat.o
 .debug_frame   0x00000e4c       0x24 src/ASF/xmega/boards/xmega_a3bu_xplained/init.o
 .debug_frame   0x00000e70       0x34 src/main.o

.debug_str      0x00000000    0x33907
 *(.debug_str)
 .debug_str     0x00000000     0x21e4 C:/Program Files (x86)/Atmel/Studio/7.0/Packs/atmel/XMEGAA_DFP/1.1.68/gcc/dev/atxmega256a3bu/avrxmega6/crtatxmega256a3bu.o
 .debug_str     0x000021e4    0x2bae2 src/adc_sensors.o
                              0x2c360 (size before relaxing)
 .debug_str     0x0002dcc6     0x14cd src/ASF/common/components/display/st7565r/st7565r.o
                              0x2c0a5 (size before relaxing)
 .debug_str     0x0002f193      0xc05 src/ASF/common/services/gfx_mono/gfx_mono_c12832_a1z.o
                              0x2c9a6 (size before relaxing)
 .debug_str     0x0002fd98      0xb65 src/ASF/xmega/drivers/usart/usart.o
                              0x2c1b9 (size before relaxing)
 .debug_str     0x000308fd       0x87 src/ASF/common/services/spi/xmega_usart_spi/usart_spi.o
                              0x2b67a (size before relaxing)
 .debug_str     0x00030984       0xba src/ASF/common/services/gfx_mono/gfx_mono_framebuffer.o
                              0x2c5c1 (size before relaxing)
 .debug_str     0x00030a3e      0x213 src/ASF/common/services/gfx_mono/gfx_mono_generic.o
                              0x2c704 (size before relaxing)
 .debug_str     0x00030c51      0x233 src/ASF/common/services/gfx_mono/gfx_mono_text.o
                              0x2c698 (size before relaxing)
 .debug_str     0x00030e84     0x10b0 src/ASF/common/services/gfx_mono/sysfont.o
                              0x2d4f5 (size before relaxing)
 .debug_str     0x00031f34      0x16c src/ASF/xmega/drivers/adc/adc.o
                              0x2b897 (size before relaxing)
 .debug_str     0x000320a0      0x4da src/ntc_sensor.o
                              0x2e562 (size before relaxing)
 .debug_str     0x0003257a      0x4fa src/ASF/xmega/drivers/adc/xmega_aau/adc_aau.o
                              0x2bb2a (size before relaxing)
 .debug_str     0x00032a74       0x35 src/ASF/common/services/sleepmgr/xmega/sleepmgr.o
                              0x288ca (size before relaxing)
 .debug_str     0x00032aa9      0x232 src/ASF/common/services/clock/xmega/sysclk.o
                              0x2ae84 (size before relaxing)
 .debug_str     0x00032cdb       0x77 src/ASF/common/services/ioport/xmega/ioport_compat.o
                              0x28b81 (size before relaxing)
 .debug_str     0x00032d52       0xf7 src/ASF/xmega/boards/xmega_a3bu_xplained/init.o
                              0x2a7b2 (size before relaxing)
 .debug_str     0x00032e49      0xabe src/main.o
                              0x2f1e7 (size before relaxing)

.debug_loc      0x00000000     0x6d28
 *(.debug_loc)
 .debug_loc     0x00000000      0x45f src/adc_sensors.o
 .debug_loc     0x0000045f      0x7c9 src/ASF/common/components/display/st7565r/st7565r.o
 .debug_loc     0x00000c28     0x1382 src/ASF/common/services/gfx_mono/gfx_mono_c12832_a1z.o
 .debug_loc     0x00001faa      0xe14 src/ASF/xmega/drivers/usart/usart.o
 .debug_loc     0x00002dbe      0x56c src/ASF/common/services/spi/xmega_usart_spi/usart_spi.o
 .debug_loc     0x0000332a      0x61c src/ASF/common/services/gfx_mono/gfx_mono_framebuffer.o
 .debug_loc     0x00003946     0x11c5 src/ASF/common/services/gfx_mono/gfx_mono_generic.o
 .debug_loc     0x00004b0b      0x9a2 src/ASF/common/services/gfx_mono/gfx_mono_text.o
 .debug_loc     0x000054ad      0x2b3 src/ASF/xmega/drivers/adc/adc.o
 .debug_loc     0x00005760       0x9b src/ntc_sensor.o
 .debug_loc     0x000057fb      0xd3c src/ASF/xmega/drivers/adc/xmega_aau/adc_aau.o
 .debug_loc     0x00006537      0x2c5 src/ASF/common/services/clock/xmega/sysclk.o
 .debug_loc     0x000067fc       0x66 src/ASF/common/services/ioport/xmega/ioport_compat.o
 .debug_loc     0x00006862      0x3fa src/ASF/xmega/boards/xmega_a3bu_xplained/init.o
 .debug_loc     0x00006c5c       0xcc src/main.o

.debug_macinfo
 *(.debug_macinfo)

.debug_weaknames
 *(.debug_weaknames)

.debug_funcnames
 *(.debug_funcnames)

.debug_typenames
 *(.debug_typenames)

.debug_varnames
 *(.debug_varnames)

.debug_pubtypes
 *(.debug_pubtypes)

.debug_ranges   0x00000000      0x4e8
 *(.debug_ranges)
 .debug_ranges  0x00000000       0x40 src/adc_sensors.o
 .debug_ranges  0x00000040       0x18 src/ASF/common/components/display/st7565r/st7565r.o
 .debug_ranges  0x00000058      0x188 src/ASF/common/services/gfx_mono/gfx_mono_c12832_a1z.o
 .debug_ranges  0x000001e0       0x80 src/ASF/xmega/drivers/usart/usart.o
 .debug_ranges  0x00000260       0x98 src/ASF/common/services/spi/xmega_usart_spi/usart_spi.o
 .debug_ranges  0x000002f8       0x48 src/ASF/common/services/gfx_mono/gfx_mono_framebuffer.o
 .debug_ranges  0x00000340       0x48 src/ASF/common/services/gfx_mono/gfx_mono_generic.o
 .debug_ranges  0x00000388       0x30 src/ASF/common/services/gfx_mono/gfx_mono_text.o
 .debug_ranges  0x000003b8       0x38 src/ASF/xmega/drivers/adc/adc.o
 .debug_ranges  0x000003f0       0x10 src/ntc_sensor.o
 .debug_ranges  0x00000400       0x68 src/ASF/xmega/drivers/adc/xmega_aau/adc_aau.o
 .debug_ranges  0x00000468       0x30 src/ASF/common/services/clock/xmega/sysclk.o
 .debug_ranges  0x00000498       0x20 src/ASF/xmega/drivers/nvm/nvm_asm.o
 .debug_ranges  0x000004b8       0x10 src/ASF/common/services/ioport/xmega/ioport_compat.o
 .debug_ranges  0x000004c8       0x10 src/ASF/xmega/boards/xmega_a3bu_xplained/init.o
 .debug_ranges  0x000004d8       0x10 src/main.o

.debug_macro    0x00000000     0xcb86
 *(.debug_macro)
 .debug_macro   0x00000000      0x245 src/adc_sensors.o
 .debug_macro   0x00000245      0xa9c src/adc_sensors.o
 .debug_macro   0x00000ce1       0x10 src/adc_sensors.o
 .debug_macro   0x00000cf1      0x1c9 src/adc_sensors.o
 .debug_macro   0x00000eba      0x2fc src/adc_sensors.o
 .debug_macro   0x000011b6       0x9e src/adc_sensors.o
 .debug_macro   0x00001254     0x6271 src/adc_sensors.o
 .debug_macro   0x000074c5       0x9a src/adc_sensors.o
 .debug_macro   0x0000755f       0xf1 src/adc_sensors.o
 .debug_macro   0x00007650       0x34 src/adc_sensors.o
 .debug_macro   0x00007684       0x16 src/adc_sensors.o
 .debug_macro   0x0000769a       0x18 src/adc_sensors.o
 .debug_macro   0x000076b2       0x5e src/adc_sensors.o
 .debug_macro   0x00007710       0x10 src/adc_sensors.o
 .debug_macro   0x00007720       0x22 src/adc_sensors.o
 .debug_macro   0x00007742      0x16d src/adc_sensors.o
 .debug_macro   0x000078af       0x1c src/adc_sensors.o
 .debug_macro   0x000078cb       0x35 src/adc_sensors.o
 .debug_macro   0x00007900       0x66 src/adc_sensors.o
 .debug_macro   0x00007966      0x64b src/adc_sensors.o
 .debug_macro   0x00007fb1       0x97 src/adc_sensors.o
 .debug_macro   0x00008048       0x17 src/adc_sensors.o
 .debug_macro   0x0000805f      0x250 src/adc_sensors.o
 .debug_macro   0x000082af       0x76 src/adc_sensors.o
 .debug_macro   0x00008325       0x16 src/adc_sensors.o
 .debug_macro   0x0000833b      0x6e3 src/adc_sensors.o
 .debug_macro   0x00008a1e       0x10 src/adc_sensors.o
 .debug_macro   0x00008a2e      0x175 src/adc_sensors.o
 .debug_macro   0x00008ba3       0x40 src/adc_sensors.o
 .debug_macro   0x00008be3       0x69 src/adc_sensors.o
 .debug_macro   0x00008c4c       0x32 src/adc_sensors.o
 .debug_macro   0x00008c7e       0xe4 src/adc_sensors.o
 .debug_macro   0x00008d62       0x10 src/adc_sensors.o
 .debug_macro   0x00008d72       0x20 src/adc_sensors.o
 .debug_macro   0x00008d92       0x10 src/adc_sensors.o
 .debug_macro   0x00008da2       0x42 src/adc_sensors.o
 .debug_macro   0x00008de4       0x22 src/adc_sensors.o
 .debug_macro   0x00008e06      0x2c6 src/adc_sensors.o
 .debug_macro   0x000090cc      0x303 src/adc_sensors.o
 .debug_macro   0x000093cf       0x7d src/adc_sensors.o
 .debug_macro   0x0000944c       0x2f src/adc_sensors.o
 .debug_macro   0x0000947b      0x154 src/adc_sensors.o
 .debug_macro   0x000095cf       0xe3 src/adc_sensors.o
 .debug_macro   0x000096b2      0x278 src/ASF/common/components/display/st7565r/st7565r.o
 .debug_macro   0x0000992a       0x82 src/ASF/common/components/display/st7565r/st7565r.o
 .debug_macro   0x000099ac      0x109 src/ASF/common/components/display/st7565r/st7565r.o
 .debug_macro   0x00009ab5       0x28 src/ASF/common/components/display/st7565r/st7565r.o
 .debug_macro   0x00009add       0x23 src/ASF/common/components/display/st7565r/st7565r.o
 .debug_macro   0x00009b00       0x3a src/ASF/common/components/display/st7565r/st7565r.o
 .debug_macro   0x00009b3a      0x100 src/ASF/common/components/display/st7565r/st7565r.o
 .debug_macro   0x00009c3a       0x34 src/ASF/common/components/display/st7565r/st7565r.o
 .debug_macro   0x00009c6e       0x2e src/ASF/common/components/display/st7565r/st7565r.o
 .debug_macro   0x00009c9c      0x2bc src/ASF/common/services/gfx_mono/gfx_mono_c12832_a1z.o
 .debug_macro   0x00009f58       0x7a src/ASF/common/services/gfx_mono/gfx_mono_c12832_a1z.o
 .debug_macro   0x00009fd2       0x89 src/ASF/common/services/gfx_mono/gfx_mono_c12832_a1z.o
 .debug_macro   0x0000a05b      0x223 src/ASF/xmega/drivers/usart/usart.o
 .debug_macro   0x0000a27e      0x302 src/ASF/xmega/drivers/usart/usart.o
 .debug_macro   0x0000a580      0x236 src/ASF/common/services/spi/xmega_usart_spi/usart_spi.o
 .debug_macro   0x0000a7b6      0x2b0 src/ASF/common/services/gfx_mono/gfx_mono_framebuffer.o
 .debug_macro   0x0000aa66      0x2b0 src/ASF/common/services/gfx_mono/gfx_mono_generic.o
 .debug_macro   0x0000ad16      0x2d7 src/ASF/common/services/gfx_mono/gfx_mono_text.o
 .debug_macro   0x0000afed       0xaa src/ASF/common/services/gfx_mono/gfx_mono_text.o
 .debug_macro   0x0000b097      0x2dd src/ASF/common/services/gfx_mono/sysfont.o
 .debug_macro   0x0000b374       0x3a src/ASF/common/services/gfx_mono/sysfont.o
 .debug_macro   0x0000b3ae      0x22f src/ASF/xmega/drivers/adc/adc.o
 .debug_macro   0x0000b5dd      0x361 src/ntc_sensor.o
 .debug_macro   0x0000b93e       0x97 src/ntc_sensor.o
 .debug_macro   0x0000b9d5       0xf6 src/ntc_sensor.o
 .debug_macro   0x0000bacb      0x22f src/ASF/xmega/drivers/adc/xmega_aau/adc_aau.o
 .debug_macro   0x0000bcfa      0x1a3 src/ASF/common/services/sleepmgr/xmega/sleepmgr.o
 .debug_macro   0x0000be9d      0x1db src/ASF/common/services/clock/xmega/sysclk.o
 .debug_macro   0x0000c078       0x26 src/ASF/common/services/clock/xmega/sysclk.o
 .debug_macro   0x0000c09e      0x195 src/ASF/common/services/ioport/xmega/ioport_compat.o
 .debug_macro   0x0000c233      0x1b7 src/ASF/xmega/boards/xmega_a3bu_xplained/init.o
 .debug_macro   0x0000c3ea       0x2e src/ASF/xmega/boards/xmega_a3bu_xplained/init.o
 .debug_macro   0x0000c418      0x2c0 src/ASF/xmega/boards/xmega_a3bu_xplained/init.o
 .debug_macro   0x0000c6d8      0x402 src/main.o
 .debug_macro   0x0000cada       0x34 src/main.o
 .debug_macro   0x0000cb0e       0x16 src/main.o
 .debug_macro   0x0000cb24       0x46 src/main.o
 .debug_macro   0x0000cb6a       0x1c src/main.o
OUTPUT(Temp_Sensor_Using_ADC.elf elf32-avr)
LOAD linker stubs

.BOOT           0x00040000        0x0
