Archive member included to satisfy reference by file (symbol)

c:/program files (x86)/atmel/studio/7.0/toolchain/avr8/avr8-gnu-toolchain/bin/../lib/gcc/avr/5.4.0/avrxmega6\libgcc.a(_exit.o)
                              C:/Program Files (x86)/Atmel/Studio/7.0/Packs/atmel/XMEGAA_DFP/1.1.68/gcc/dev/atxmega256a3bu/avrxmega6/crtatxmega256a3bu.o (exit)
c:/program files (x86)/atmel/studio/7.0/toolchain/avr8/avr8-gnu-toolchain/bin/../lib/gcc/avr/5.4.0/avrxmega6\libgcc.a(_copy_data.o)
                              src/ASF/common/services/sleepmgr/xmega/sleepmgr.o (__do_copy_data)
c:/program files (x86)/atmel/studio/7.0/toolchain/avr8/avr8-gnu-toolchain/bin/../lib/gcc/avr/5.4.0/avrxmega6\libgcc.a(_clear_bss.o)
                              src/ASF/common/services/sleepmgr/xmega/sleepmgr.o (__do_clear_bss)
c:/program files (x86)/atmel/studio/7.0/toolchain/avr8/avr8-gnu-toolchain/bin/../lib/gcc/avr/5.4.0/../../../../avr/lib/avrxmega6\libc.a(memcpy.o)
                              src/ASF/xmega/drivers/nvm/nvm.o (memcpy)

Allocating common symbols
Common symbol       size              file

sleepmgr_locks      0x6               src/ASF/common/services/sleepmgr/xmega/sleepmgr.o

Discarded input sections

 .data          0x00000000        0x0 C:/Program Files (x86)/Atmel/Studio/7.0/Packs/atmel/XMEGAA_DFP/1.1.68/gcc/dev/atxmega256a3bu/avrxmega6/crtatxmega256a3bu.o
 .bss           0x00000000        0x0 C:/Program Files (x86)/Atmel/Studio/7.0/Packs/atmel/XMEGAA_DFP/1.1.68/gcc/dev/atxmega256a3bu/avrxmega6/crtatxmega256a3bu.o
 .group         0x00000000        0x8 src/ASF/common/services/clock/xmega/sysclk.o
 .group         0x00000000        0x8 src/ASF/common/services/clock/xmega/sysclk.o
 .group         0x00000000        0x8 src/ASF/common/services/clock/xmega/sysclk.o
 .group         0x00000000        0x8 src/ASF/common/services/clock/xmega/sysclk.o
 .group         0x00000000        0x8 src/ASF/common/services/clock/xmega/sysclk.o
 .group         0x00000000        0x8 src/ASF/common/services/clock/xmega/sysclk.o
 .group         0x00000000        0x8 src/ASF/common/services/clock/xmega/sysclk.o
 .group         0x00000000        0x8 src/ASF/common/services/clock/xmega/sysclk.o
 .group         0x00000000        0x8 src/ASF/common/services/clock/xmega/sysclk.o
 .group         0x00000000        0x8 src/ASF/common/services/clock/xmega/sysclk.o
 .group         0x00000000        0x8 src/ASF/common/services/clock/xmega/sysclk.o
 .group         0x00000000        0x8 src/ASF/common/services/clock/xmega/sysclk.o
 .group         0x00000000        0x8 src/ASF/common/services/clock/xmega/sysclk.o
 .group         0x00000000        0x8 src/ASF/common/services/clock/xmega/sysclk.o
 .group         0x00000000        0x8 src/ASF/common/services/clock/xmega/sysclk.o
 .group         0x00000000        0x8 src/ASF/common/services/clock/xmega/sysclk.o
 .group         0x00000000        0x8 src/ASF/common/services/clock/xmega/sysclk.o
 .group         0x00000000        0x8 src/ASF/common/services/clock/xmega/sysclk.o
 .group         0x00000000        0x8 src/ASF/common/services/clock/xmega/sysclk.o
 .group         0x00000000        0x8 src/ASF/common/services/clock/xmega/sysclk.o
 .group         0x00000000        0x8 src/ASF/common/services/clock/xmega/sysclk.o
 .group         0x00000000        0x8 src/ASF/common/services/clock/xmega/sysclk.o
 .group         0x00000000        0x8 src/ASF/common/services/clock/xmega/sysclk.o
 .group         0x00000000        0x8 src/ASF/common/services/clock/xmega/sysclk.o
 .group         0x00000000        0x8 src/ASF/common/services/clock/xmega/sysclk.o
 .group         0x00000000        0x8 src/ASF/common/services/clock/xmega/sysclk.o
 .group         0x00000000        0x8 src/ASF/common/services/clock/xmega/sysclk.o
 .group         0x00000000        0x8 src/ASF/common/services/clock/xmega/sysclk.o
 .group         0x00000000        0x8 src/ASF/common/services/clock/xmega/sysclk.o
 .group         0x00000000        0x8 src/ASF/common/services/clock/xmega/sysclk.o
 .group         0x00000000        0x8 src/ASF/common/services/clock/xmega/sysclk.o
 .group         0x00000000        0x8 src/ASF/common/services/clock/xmega/sysclk.o
 .group         0x00000000        0x8 src/ASF/common/services/clock/xmega/sysclk.o
 .group         0x00000000        0x8 src/ASF/common/services/clock/xmega/sysclk.o
 .group         0x00000000        0x8 src/ASF/common/services/clock/xmega/sysclk.o
 .group         0x00000000        0x8 src/ASF/common/services/clock/xmega/sysclk.o
 .group         0x00000000        0x8 src/ASF/common/services/clock/xmega/sysclk.o
 .group         0x00000000        0x8 src/ASF/common/services/clock/xmega/sysclk.o
 .text          0x00000000        0x0 src/ASF/common/services/clock/xmega/sysclk.o
 .data          0x00000000        0x0 src/ASF/common/services/clock/xmega/sysclk.o
 .bss           0x00000000        0x0 src/ASF/common/services/clock/xmega/sysclk.o
 .text.sysclk_disable_module
                0x00000000       0x2a src/ASF/common/services/clock/xmega/sysclk.o
 .text.sysclk_enable_usb
                0x00000000       0x50 src/ASF/common/services/clock/xmega/sysclk.o
 .text.sysclk_disable_usb
                0x00000000       0x14 src/ASF/common/services/clock/xmega/sysclk.o
 .group         0x00000000        0x8 src/ASF/common/services/sleepmgr/xmega/sleepmgr.o
 .group         0x00000000        0x8 src/ASF/common/services/sleepmgr/xmega/sleepmgr.o
 .group         0x00000000        0x8 src/ASF/common/services/sleepmgr/xmega/sleepmgr.o
 .group         0x00000000        0x8 src/ASF/common/services/sleepmgr/xmega/sleepmgr.o
 .group         0x00000000        0x8 src/ASF/common/services/sleepmgr/xmega/sleepmgr.o
 .group         0x00000000        0x8 src/ASF/common/services/sleepmgr/xmega/sleepmgr.o
 .group         0x00000000        0x8 src/ASF/common/services/sleepmgr/xmega/sleepmgr.o
 .group         0x00000000        0x8 src/ASF/common/services/sleepmgr/xmega/sleepmgr.o
 .group         0x00000000        0x8 src/ASF/common/services/sleepmgr/xmega/sleepmgr.o
 .group         0x00000000        0x8 src/ASF/common/services/sleepmgr/xmega/sleepmgr.o
 .group         0x00000000        0x8 src/ASF/common/services/sleepmgr/xmega/sleepmgr.o
 .group         0x00000000        0x8 src/ASF/common/services/sleepmgr/xmega/sleepmgr.o
 .group         0x00000000        0x8 src/ASF/common/services/sleepmgr/xmega/sleepmgr.o
 .group         0x00000000        0x8 src/ASF/common/services/sleepmgr/xmega/sleepmgr.o
 .group         0x00000000        0x8 src/ASF/common/services/sleepmgr/xmega/sleepmgr.o
 .group         0x00000000        0x8 src/ASF/common/services/sleepmgr/xmega/sleepmgr.o
 .group         0x00000000        0x8 src/ASF/common/services/sleepmgr/xmega/sleepmgr.o
 .group         0x00000000        0x8 src/ASF/common/services/sleepmgr/xmega/sleepmgr.o
 .group         0x00000000        0x8 src/ASF/common/services/sleepmgr/xmega/sleepmgr.o
 .group         0x00000000        0x8 src/ASF/common/services/sleepmgr/xmega/sleepmgr.o
 .group         0x00000000        0x8 src/ASF/common/services/sleepmgr/xmega/sleepmgr.o
 .group         0x00000000        0x8 src/ASF/common/services/sleepmgr/xmega/sleepmgr.o
 .group         0x00000000        0x8 src/ASF/common/services/sleepmgr/xmega/sleepmgr.o
 .group         0x00000000        0x8 src/ASF/common/services/sleepmgr/xmega/sleepmgr.o
 .group         0x00000000        0x8 src/ASF/common/services/sleepmgr/xmega/sleepmgr.o
 .group         0x00000000        0x8 src/ASF/common/services/sleepmgr/xmega/sleepmgr.o
 .group         0x00000000        0x8 src/ASF/common/services/sleepmgr/xmega/sleepmgr.o
 .group         0x00000000        0x8 src/ASF/common/services/sleepmgr/xmega/sleepmgr.o
 .group         0x00000000        0x8 src/ASF/common/services/sleepmgr/xmega/sleepmgr.o
 .group         0x00000000        0x8 src/ASF/common/services/sleepmgr/xmega/sleepmgr.o
 .group         0x00000000        0x8 src/ASF/common/services/sleepmgr/xmega/sleepmgr.o
 .group         0x00000000        0x8 src/ASF/common/services/sleepmgr/xmega/sleepmgr.o
 .group         0x00000000        0x8 src/ASF/common/services/sleepmgr/xmega/sleepmgr.o
 .text          0x00000000        0x0 src/ASF/common/services/sleepmgr/xmega/sleepmgr.o
 .data          0x00000000        0x0 src/ASF/common/services/sleepmgr/xmega/sleepmgr.o
 .bss           0x00000000        0x0 src/ASF/common/services/sleepmgr/xmega/sleepmgr.o
 .data.sleepmgr_configs
                0x00000000        0x6 src/ASF/common/services/sleepmgr/xmega/sleepmgr.o
 .debug_macro   0x00000000      0xa96 src/ASF/common/services/sleepmgr/xmega/sleepmgr.o
 .debug_macro   0x00000000       0x10 src/ASF/common/services/sleepmgr/xmega/sleepmgr.o
 .debug_macro   0x00000000      0x1c9 src/ASF/common/services/sleepmgr/xmega/sleepmgr.o
 .debug_macro   0x00000000      0x2fc src/ASF/common/services/sleepmgr/xmega/sleepmgr.o
 .debug_macro   0x00000000       0x9e src/ASF/common/services/sleepmgr/xmega/sleepmgr.o
 .debug_macro   0x00000000     0x6271 src/ASF/common/services/sleepmgr/xmega/sleepmgr.o
 .debug_macro   0x00000000       0x9a src/ASF/common/services/sleepmgr/xmega/sleepmgr.o
 .debug_macro   0x00000000       0xf1 src/ASF/common/services/sleepmgr/xmega/sleepmgr.o
 .debug_macro   0x00000000       0x34 src/ASF/common/services/sleepmgr/xmega/sleepmgr.o
 .debug_macro   0x00000000       0x16 src/ASF/common/services/sleepmgr/xmega/sleepmgr.o
 .debug_macro   0x00000000       0x18 src/ASF/common/services/sleepmgr/xmega/sleepmgr.o
 .debug_macro   0x00000000       0x5e src/ASF/common/services/sleepmgr/xmega/sleepmgr.o
 .debug_macro   0x00000000       0x10 src/ASF/common/services/sleepmgr/xmega/sleepmgr.o
 .debug_macro   0x00000000       0x22 src/ASF/common/services/sleepmgr/xmega/sleepmgr.o
 .debug_macro   0x00000000      0x16d src/ASF/common/services/sleepmgr/xmega/sleepmgr.o
 .debug_macro   0x00000000       0x1c src/ASF/common/services/sleepmgr/xmega/sleepmgr.o
 .debug_macro   0x00000000       0x35 src/ASF/common/services/sleepmgr/xmega/sleepmgr.o
 .debug_macro   0x00000000       0x66 src/ASF/common/services/sleepmgr/xmega/sleepmgr.o
 .debug_macro   0x00000000      0x708 src/ASF/common/services/sleepmgr/xmega/sleepmgr.o
 .debug_macro   0x00000000       0x96 src/ASF/common/services/sleepmgr/xmega/sleepmgr.o
 .debug_macro   0x00000000       0x17 src/ASF/common/services/sleepmgr/xmega/sleepmgr.o
 .debug_macro   0x00000000      0x250 src/ASF/common/services/sleepmgr/xmega/sleepmgr.o
 .debug_macro   0x00000000       0x76 src/ASF/common/services/sleepmgr/xmega/sleepmgr.o
 .debug_macro   0x00000000       0x16 src/ASF/common/services/sleepmgr/xmega/sleepmgr.o
 .debug_macro   0x00000000      0x6d9 src/ASF/common/services/sleepmgr/xmega/sleepmgr.o
 .debug_macro   0x00000000       0x10 src/ASF/common/services/sleepmgr/xmega/sleepmgr.o
 .debug_macro   0x00000000      0x175 src/ASF/common/services/sleepmgr/xmega/sleepmgr.o
 .debug_macro   0x00000000       0x40 src/ASF/common/services/sleepmgr/xmega/sleepmgr.o
 .debug_macro   0x00000000       0x69 src/ASF/common/services/sleepmgr/xmega/sleepmgr.o
 .debug_macro   0x00000000       0x31 src/ASF/common/services/sleepmgr/xmega/sleepmgr.o
 .debug_macro   0x00000000       0xe4 src/ASF/common/services/sleepmgr/xmega/sleepmgr.o
 .text          0x00000000        0x0 src/ASF/xmega/drivers/cpu/ccp.o
 .data          0x00000000        0x0 src/ASF/xmega/drivers/cpu/ccp.o
 .bss           0x00000000        0x0 src/ASF/xmega/drivers/cpu/ccp.o
 .text.ccp_write_io
                0x00000000        0xc src/ASF/xmega/drivers/cpu/ccp.o
 .debug_line    0x00000000       0x6e src/ASF/xmega/drivers/cpu/ccp.o
 .debug_info    0x00000000       0xae src/ASF/xmega/drivers/cpu/ccp.o
 .debug_abbrev  0x00000000       0x14 src/ASF/xmega/drivers/cpu/ccp.o
 .debug_aranges
                0x00000000       0x20 src/ASF/xmega/drivers/cpu/ccp.o
 .group         0x00000000        0x8 src/ASF/xmega/drivers/nvm/nvm.o
 .group         0x00000000        0x8 src/ASF/xmega/drivers/nvm/nvm.o
 .group         0x00000000        0x8 src/ASF/xmega/drivers/nvm/nvm.o
 .group         0x00000000        0x8 src/ASF/xmega/drivers/nvm/nvm.o
 .group         0x00000000        0x8 src/ASF/xmega/drivers/nvm/nvm.o
 .group         0x00000000        0x8 src/ASF/xmega/drivers/nvm/nvm.o
 .group         0x00000000        0x8 src/ASF/xmega/drivers/nvm/nvm.o
 .group         0x00000000        0x8 src/ASF/xmega/drivers/nvm/nvm.o
 .group         0x00000000        0x8 src/ASF/xmega/drivers/nvm/nvm.o
 .group         0x00000000        0x8 src/ASF/xmega/drivers/nvm/nvm.o
 .group         0x00000000        0x8 src/ASF/xmega/drivers/nvm/nvm.o
 .group         0x00000000        0x8 src/ASF/xmega/drivers/nvm/nvm.o
 .group         0x00000000        0x8 src/ASF/xmega/drivers/nvm/nvm.o
 .group         0x00000000        0x8 src/ASF/xmega/drivers/nvm/nvm.o
 .group         0x00000000        0x8 src/ASF/xmega/drivers/nvm/nvm.o
 .group         0x00000000        0x8 src/ASF/xmega/drivers/nvm/nvm.o
 .group         0x00000000        0x8 src/ASF/xmega/drivers/nvm/nvm.o
 .group         0x00000000        0x8 src/ASF/xmega/drivers/nvm/nvm.o
 .group         0x00000000        0x8 src/ASF/xmega/drivers/nvm/nvm.o
 .group         0x00000000        0x8 src/ASF/xmega/drivers/nvm/nvm.o
 .group         0x00000000        0x8 src/ASF/xmega/drivers/nvm/nvm.o
 .group         0x00000000        0x8 src/ASF/xmega/drivers/nvm/nvm.o
 .group         0x00000000        0x8 src/ASF/xmega/drivers/nvm/nvm.o
 .group         0x00000000        0x8 src/ASF/xmega/drivers/nvm/nvm.o
 .group         0x00000000        0x8 src/ASF/xmega/drivers/nvm/nvm.o
 .group         0x00000000        0x8 src/ASF/xmega/drivers/nvm/nvm.o
 .group         0x00000000        0x8 src/ASF/xmega/drivers/nvm/nvm.o
 .group         0x00000000        0x8 src/ASF/xmega/drivers/nvm/nvm.o
 .group         0x00000000        0x8 src/ASF/xmega/drivers/nvm/nvm.o
 .group         0x00000000        0x8 src/ASF/xmega/drivers/nvm/nvm.o
 .group         0x00000000        0x8 src/ASF/xmega/drivers/nvm/nvm.o
 .group         0x00000000        0x8 src/ASF/xmega/drivers/nvm/nvm.o
 .group         0x00000000        0x8 src/ASF/xmega/drivers/nvm/nvm.o
 .text          0x00000000        0x0 src/ASF/xmega/drivers/nvm/nvm.o
 .data          0x00000000        0x0 src/ASF/xmega/drivers/nvm/nvm.o
 .bss           0x00000000        0x0 src/ASF/xmega/drivers/nvm/nvm.o
 .text.nvm_read_device_serial
                0x00000000       0x90 src/ASF/xmega/drivers/nvm/nvm.o
 .text.nvm_eeprom_read_byte
                0x00000000       0x22 src/ASF/xmega/drivers/nvm/nvm.o
 .text.nvm_eeprom_read_buffer
                0x00000000       0x32 src/ASF/xmega/drivers/nvm/nvm.o
 .text.nvm_eeprom_flush_buffer
                0x00000000       0x24 src/ASF/xmega/drivers/nvm/nvm.o
 .text.nvm_eeprom_load_byte_to_buffer
                0x00000000       0x24 src/ASF/xmega/drivers/nvm/nvm.o
 .text.nvm_eeprom_write_byte
                0x00000000       0x50 src/ASF/xmega/drivers/nvm/nvm.o
 .text.nvm_eeprom_load_page_to_buffer
                0x00000000       0x2e src/ASF/xmega/drivers/nvm/nvm.o
 .text.nvm_eeprom_atomic_write_page
                0x00000000       0x3c src/ASF/xmega/drivers/nvm/nvm.o
 .text.nvm_eeprom_erase_and_write_buffer
                0x00000000       0x86 src/ASF/xmega/drivers/nvm/nvm.o
 .text.nvm_eeprom_split_write_page
                0x00000000       0x3c src/ASF/xmega/drivers/nvm/nvm.o
 .text.nvm_eeprom_fill_buffer_with_value
                0x00000000       0x2a src/ASF/xmega/drivers/nvm/nvm.o
 .text.nvm_eeprom_erase_bytes_in_page
                0x00000000       0x3c src/ASF/xmega/drivers/nvm/nvm.o
 .text.nvm_eeprom_erase_page
                0x00000000       0x14 src/ASF/xmega/drivers/nvm/nvm.o
 .text.nvm_eeprom_erase_bytes_in_all_pages
                0x00000000       0x2e src/ASF/xmega/drivers/nvm/nvm.o
 .text.nvm_eeprom_erase_all
                0x00000000        0xc src/ASF/xmega/drivers/nvm/nvm.o
 .text.nvm_issue_flash_range_crc
                0x00000000       0x5a src/ASF/xmega/drivers/nvm/nvm.o
 .text.nvm_flash_read_buffer
                0x00000000       0x30 src/ASF/xmega/drivers/nvm/nvm.o
 .text.nvm_user_sig_read_buffer
                0x00000000       0x3c src/ASF/xmega/drivers/nvm/nvm.o
 .text.nvm_user_sig_write_buffer
                0x00000000      0x14e src/ASF/xmega/drivers/nvm/nvm.o
 .text.nvm_flash_erase_and_write_buffer
                0x00000000      0x18e src/ASF/xmega/drivers/nvm/nvm.o
 .text.nvm_fuses_read
                0x00000000       0x32 src/ASF/xmega/drivers/nvm/nvm.o
 .debug_info    0x00000000     0x13b2 src/ASF/xmega/drivers/nvm/nvm.o
 .debug_abbrev  0x00000000      0x3bd src/ASF/xmega/drivers/nvm/nvm.o
 .debug_loc     0x00000000     0x1220 src/ASF/xmega/drivers/nvm/nvm.o
 .debug_aranges
                0x00000000       0xc0 src/ASF/xmega/drivers/nvm/nvm.o
 .debug_ranges  0x00000000       0xb0 src/ASF/xmega/drivers/nvm/nvm.o
 .debug_macro   0x00000000      0x198 src/ASF/xmega/drivers/nvm/nvm.o
 .debug_macro   0x00000000      0xa96 src/ASF/xmega/drivers/nvm/nvm.o
 .debug_macro   0x00000000       0x10 src/ASF/xmega/drivers/nvm/nvm.o
 .debug_macro   0x00000000      0x1c9 src/ASF/xmega/drivers/nvm/nvm.o
 .debug_macro   0x00000000      0x2fc src/ASF/xmega/drivers/nvm/nvm.o
 .debug_macro   0x00000000       0x9e src/ASF/xmega/drivers/nvm/nvm.o
 .debug_macro   0x00000000     0x6271 src/ASF/xmega/drivers/nvm/nvm.o
 .debug_macro   0x00000000       0x9a src/ASF/xmega/drivers/nvm/nvm.o
 .debug_macro   0x00000000       0xf1 src/ASF/xmega/drivers/nvm/nvm.o
 .debug_macro   0x00000000       0x34 src/ASF/xmega/drivers/nvm/nvm.o
 .debug_macro   0x00000000       0x16 src/ASF/xmega/drivers/nvm/nvm.o
 .debug_macro   0x00000000       0x18 src/ASF/xmega/drivers/nvm/nvm.o
 .debug_macro   0x00000000       0x5e src/ASF/xmega/drivers/nvm/nvm.o
 .debug_macro   0x00000000       0x10 src/ASF/xmega/drivers/nvm/nvm.o
 .debug_macro   0x00000000       0x22 src/ASF/xmega/drivers/nvm/nvm.o
 .debug_macro   0x00000000      0x16d src/ASF/xmega/drivers/nvm/nvm.o
 .debug_macro   0x00000000       0x1c src/ASF/xmega/drivers/nvm/nvm.o
 .debug_macro   0x00000000       0x35 src/ASF/xmega/drivers/nvm/nvm.o
 .debug_macro   0x00000000       0x66 src/ASF/xmega/drivers/nvm/nvm.o
 .debug_macro   0x00000000      0x708 src/ASF/xmega/drivers/nvm/nvm.o
 .debug_macro   0x00000000       0x96 src/ASF/xmega/drivers/nvm/nvm.o
 .debug_macro   0x00000000       0x17 src/ASF/xmega/drivers/nvm/nvm.o
 .debug_macro   0x00000000      0x250 src/ASF/xmega/drivers/nvm/nvm.o
 .debug_macro   0x00000000       0x76 src/ASF/xmega/drivers/nvm/nvm.o
 .debug_macro   0x00000000       0x16 src/ASF/xmega/drivers/nvm/nvm.o
 .debug_macro   0x00000000      0x6d9 src/ASF/xmega/drivers/nvm/nvm.o
 .debug_macro   0x00000000       0x10 src/ASF/xmega/drivers/nvm/nvm.o
 .debug_macro   0x00000000      0x175 src/ASF/xmega/drivers/nvm/nvm.o
 .debug_macro   0x00000000       0x40 src/ASF/xmega/drivers/nvm/nvm.o
 .debug_macro   0x00000000       0x69 src/ASF/xmega/drivers/nvm/nvm.o
 .debug_macro   0x00000000       0x31 src/ASF/xmega/drivers/nvm/nvm.o
 .debug_macro   0x00000000       0xe4 src/ASF/xmega/drivers/nvm/nvm.o
 .debug_macro   0x00000000       0x26 src/ASF/xmega/drivers/nvm/nvm.o
 .debug_macro   0x00000000       0x16 src/ASF/xmega/drivers/nvm/nvm.o
 .debug_line    0x00000000      0xb63 src/ASF/xmega/drivers/nvm/nvm.o
 .debug_str     0x00000000    0x29eb9 src/ASF/xmega/drivers/nvm/nvm.o
 .comment       0x00000000       0x31 src/ASF/xmega/drivers/nvm/nvm.o
 .debug_frame   0x00000000      0x338 src/ASF/xmega/drivers/nvm/nvm.o
 .text          0x00000000        0x0 src/ASF/xmega/drivers/nvm/nvm_asm.o
 .data          0x00000000        0x0 src/ASF/xmega/drivers/nvm/nvm_asm.o
 .bss           0x00000000        0x0 src/ASF/xmega/drivers/nvm/nvm_asm.o
 .text.nvm_read_byte
                0x00000000       0x14 src/ASF/xmega/drivers/nvm/nvm_asm.o
 .BOOT          0x00000000       0x44 src/ASF/xmega/drivers/nvm/nvm_asm.o
 .debug_line    0x00000000      0x11f src/ASF/xmega/drivers/nvm/nvm_asm.o
 .debug_info    0x00000000       0xae src/ASF/xmega/drivers/nvm/nvm_asm.o
 .debug_abbrev  0x00000000       0x12 src/ASF/xmega/drivers/nvm/nvm_asm.o
 .debug_aranges
                0x00000000       0x28 src/ASF/xmega/drivers/nvm/nvm_asm.o
 .debug_ranges  0x00000000       0x20 src/ASF/xmega/drivers/nvm/nvm_asm.o
 .group         0x00000000        0x8 src/ASF/xmega/drivers/tc/tc.o
 .group         0x00000000        0x8 src/ASF/xmega/drivers/tc/tc.o
 .group         0x00000000        0x8 src/ASF/xmega/drivers/tc/tc.o
 .group         0x00000000        0x8 src/ASF/xmega/drivers/tc/tc.o
 .group         0x00000000        0x8 src/ASF/xmega/drivers/tc/tc.o
 .group         0x00000000        0x8 src/ASF/xmega/drivers/tc/tc.o
 .group         0x00000000        0x8 src/ASF/xmega/drivers/tc/tc.o
 .group         0x00000000        0x8 src/ASF/xmega/drivers/tc/tc.o
 .group         0x00000000        0x8 src/ASF/xmega/drivers/tc/tc.o
 .group         0x00000000        0x8 src/ASF/xmega/drivers/tc/tc.o
 .group         0x00000000        0x8 src/ASF/xmega/drivers/tc/tc.o
 .group         0x00000000        0x8 src/ASF/xmega/drivers/tc/tc.o
 .group         0x00000000        0x8 src/ASF/xmega/drivers/tc/tc.o
 .group         0x00000000        0x8 src/ASF/xmega/drivers/tc/tc.o
 .group         0x00000000        0x8 src/ASF/xmega/drivers/tc/tc.o
 .group         0x00000000        0x8 src/ASF/xmega/drivers/tc/tc.o
 .group         0x00000000        0x8 src/ASF/xmega/drivers/tc/tc.o
 .group         0x00000000        0x8 src/ASF/xmega/drivers/tc/tc.o
 .group         0x00000000        0x8 src/ASF/xmega/drivers/tc/tc.o
 .group         0x00000000        0x8 src/ASF/xmega/drivers/tc/tc.o
 .group         0x00000000        0x8 src/ASF/xmega/drivers/tc/tc.o
 .group         0x00000000        0x8 src/ASF/xmega/drivers/tc/tc.o
 .group         0x00000000        0x8 src/ASF/xmega/drivers/tc/tc.o
 .group         0x00000000        0x8 src/ASF/xmega/drivers/tc/tc.o
 .group         0x00000000        0x8 src/ASF/xmega/drivers/tc/tc.o
 .group         0x00000000        0x8 src/ASF/xmega/drivers/tc/tc.o
 .group         0x00000000        0x8 src/ASF/xmega/drivers/tc/tc.o
 .group         0x00000000        0x8 src/ASF/xmega/drivers/tc/tc.o
 .group         0x00000000        0x8 src/ASF/xmega/drivers/tc/tc.o
 .group         0x00000000        0x8 src/ASF/xmega/drivers/tc/tc.o
 .group         0x00000000        0x8 src/ASF/xmega/drivers/tc/tc.o
 .group         0x00000000        0x8 src/ASF/xmega/drivers/tc/tc.o
 .group         0x00000000        0x8 src/ASF/xmega/drivers/tc/tc.o
 .group         0x00000000        0x8 src/ASF/xmega/drivers/tc/tc.o
 .group         0x00000000        0x8 src/ASF/xmega/drivers/tc/tc.o
 .group         0x00000000        0x8 src/ASF/xmega/drivers/tc/tc.o
 .group         0x00000000        0x8 src/ASF/xmega/drivers/tc/tc.o
 .group         0x00000000        0x8 src/ASF/xmega/drivers/tc/tc.o
 .group         0x00000000        0x8 src/ASF/xmega/drivers/tc/tc.o
 .group         0x00000000        0x8 src/ASF/xmega/drivers/tc/tc.o
 .text          0x00000000        0x0 src/ASF/xmega/drivers/tc/tc.o
 .data          0x00000000        0x0 src/ASF/xmega/drivers/tc/tc.o
 .bss           0x00000000        0x0 src/ASF/xmega/drivers/tc/tc.o
 .text.tc_disable
                0x00000000      0x102 src/ASF/xmega/drivers/tc/tc.o
 .text.tc_set_error_interrupt_callback
                0x00000000       0x7c src/ASF/xmega/drivers/tc/tc.o
 .text.tc_set_cca_interrupt_callback
                0x00000000       0x7c src/ASF/xmega/drivers/tc/tc.o
 .text.tc_set_ccb_interrupt_callback
                0x00000000       0x7c src/ASF/xmega/drivers/tc/tc.o
 .text.tc_set_ccc_interrupt_callback
                0x00000000       0x46 src/ASF/xmega/drivers/tc/tc.o
 .text.tc_set_ccd_interrupt_callback
                0x00000000       0x46 src/ASF/xmega/drivers/tc/tc.o
 .debug_macro   0x00000000      0xa96 src/ASF/xmega/drivers/tc/tc.o
 .debug_macro   0x00000000      0x1c9 src/ASF/xmega/drivers/tc/tc.o
 .debug_macro   0x00000000      0x708 src/ASF/xmega/drivers/tc/tc.o
 .debug_macro   0x00000000       0x10 src/ASF/xmega/drivers/tc/tc.o
 .debug_macro   0x00000000       0x9e src/ASF/xmega/drivers/tc/tc.o
 .debug_macro   0x00000000     0x6271 src/ASF/xmega/drivers/tc/tc.o
 .debug_macro   0x00000000       0x9a src/ASF/xmega/drivers/tc/tc.o
 .debug_macro   0x00000000       0xf1 src/ASF/xmega/drivers/tc/tc.o
 .debug_macro   0x00000000       0x34 src/ASF/xmega/drivers/tc/tc.o
 .debug_macro   0x00000000       0x16 src/ASF/xmega/drivers/tc/tc.o
 .debug_macro   0x00000000       0x18 src/ASF/xmega/drivers/tc/tc.o
 .debug_macro   0x00000000       0x5e src/ASF/xmega/drivers/tc/tc.o
 .debug_macro   0x00000000       0x10 src/ASF/xmega/drivers/tc/tc.o
 .debug_macro   0x00000000       0x22 src/ASF/xmega/drivers/tc/tc.o
 .debug_macro   0x00000000      0x16d src/ASF/xmega/drivers/tc/tc.o
 .debug_macro   0x00000000       0x1c src/ASF/xmega/drivers/tc/tc.o
 .debug_macro   0x00000000       0x35 src/ASF/xmega/drivers/tc/tc.o
 .debug_macro   0x00000000       0x66 src/ASF/xmega/drivers/tc/tc.o
 .debug_macro   0x00000000       0x96 src/ASF/xmega/drivers/tc/tc.o
 .debug_macro   0x00000000       0x17 src/ASF/xmega/drivers/tc/tc.o
 .debug_macro   0x00000000      0x250 src/ASF/xmega/drivers/tc/tc.o
 .debug_macro   0x00000000       0x76 src/ASF/xmega/drivers/tc/tc.o
 .debug_macro   0x00000000       0x16 src/ASF/xmega/drivers/tc/tc.o
 .debug_macro   0x00000000      0x6d9 src/ASF/xmega/drivers/tc/tc.o
 .debug_macro   0x00000000       0x10 src/ASF/xmega/drivers/tc/tc.o
 .debug_macro   0x00000000      0x175 src/ASF/xmega/drivers/tc/tc.o
 .debug_macro   0x00000000       0x40 src/ASF/xmega/drivers/tc/tc.o
 .debug_macro   0x00000000       0xe4 src/ASF/xmega/drivers/tc/tc.o
 .debug_macro   0x00000000       0x69 src/ASF/xmega/drivers/tc/tc.o
 .debug_macro   0x00000000       0x31 src/ASF/xmega/drivers/tc/tc.o
 .debug_macro   0x00000000       0x10 src/ASF/xmega/drivers/tc/tc.o
 .debug_macro   0x00000000       0x42 src/ASF/xmega/drivers/tc/tc.o
 .debug_macro   0x00000000       0x22 src/ASF/xmega/drivers/tc/tc.o
 .debug_macro   0x00000000      0x2d8 src/ASF/xmega/drivers/tc/tc.o
 .debug_macro   0x00000000      0x2ff src/ASF/xmega/drivers/tc/tc.o
 .debug_macro   0x00000000       0x79 src/ASF/xmega/drivers/tc/tc.o
 .debug_macro   0x00000000       0x2f src/ASF/xmega/drivers/tc/tc.o
 .debug_macro   0x00000000      0x154 src/ASF/xmega/drivers/tc/tc.o
 .group         0x00000000        0x8 src/devreg.o
 .text          0x00000000        0x0 src/devreg.o
 .data          0x00000000        0x0 src/devreg.o
 .bss           0x00000000        0x0 src/devreg.o
 .debug_info    0x00000000       0x21 src/devreg.o
 .debug_abbrev  0x00000000       0x13 src/devreg.o
 .debug_aranges
                0x00000000       0x18 src/devreg.o
 .debug_macro   0x00000000       0x11 src/devreg.o
 .debug_macro   0x00000000      0xa96 src/devreg.o
 .debug_line    0x00000000       0x2d src/devreg.o
 .debug_str     0x00000000     0x2c51 src/devreg.o
 .comment       0x00000000       0x31 src/devreg.o
 .group         0x00000000        0x8 src/ASF/common/services/ioport/xmega/ioport_compat.o
 .group         0x00000000        0x8 src/ASF/common/services/ioport/xmega/ioport_compat.o
 .group         0x00000000        0x8 src/ASF/common/services/ioport/xmega/ioport_compat.o
 .group         0x00000000        0x8 src/ASF/common/services/ioport/xmega/ioport_compat.o
 .group         0x00000000        0x8 src/ASF/common/services/ioport/xmega/ioport_compat.o
 .group         0x00000000        0x8 src/ASF/common/services/ioport/xmega/ioport_compat.o
 .group         0x00000000        0x8 src/ASF/common/services/ioport/xmega/ioport_compat.o
 .group         0x00000000        0x8 src/ASF/common/services/ioport/xmega/ioport_compat.o
 .group         0x00000000        0x8 src/ASF/common/services/ioport/xmega/ioport_compat.o
 .group         0x00000000        0x8 src/ASF/common/services/ioport/xmega/ioport_compat.o
 .group         0x00000000        0x8 src/ASF/common/services/ioport/xmega/ioport_compat.o
 .group         0x00000000        0x8 src/ASF/common/services/ioport/xmega/ioport_compat.o
 .group         0x00000000        0x8 src/ASF/common/services/ioport/xmega/ioport_compat.o
 .group         0x00000000        0x8 src/ASF/common/services/ioport/xmega/ioport_compat.o
 .group         0x00000000        0x8 src/ASF/common/services/ioport/xmega/ioport_compat.o
 .group         0x00000000        0x8 src/ASF/common/services/ioport/xmega/ioport_compat.o
 .group         0x00000000        0x8 src/ASF/common/services/ioport/xmega/ioport_compat.o
 .group         0x00000000        0x8 src/ASF/common/services/ioport/xmega/ioport_compat.o
 .group         0x00000000        0x8 src/ASF/common/services/ioport/xmega/ioport_compat.o
 .group         0x00000000        0x8 src/ASF/common/services/ioport/xmega/ioport_compat.o
 .group         0x00000000        0x8 src/ASF/common/services/ioport/xmega/ioport_compat.o
 .group         0x00000000        0x8 src/ASF/common/services/ioport/xmega/ioport_compat.o
 .group         0x00000000        0x8 src/ASF/common/services/ioport/xmega/ioport_compat.o
 .group         0x00000000        0x8 src/ASF/common/services/ioport/xmega/ioport_compat.o
 .group         0x00000000        0x8 src/ASF/common/services/ioport/xmega/ioport_compat.o
 .group         0x00000000        0x8 src/ASF/common/services/ioport/xmega/ioport_compat.o
 .group         0x00000000        0x8 src/ASF/common/services/ioport/xmega/ioport_compat.o
 .group         0x00000000        0x8 src/ASF/common/services/ioport/xmega/ioport_compat.o
 .group         0x00000000        0x8 src/ASF/common/services/ioport/xmega/ioport_compat.o
 .group         0x00000000        0x8 src/ASF/common/services/ioport/xmega/ioport_compat.o
 .group         0x00000000        0x8 src/ASF/common/services/ioport/xmega/ioport_compat.o
 .group         0x00000000        0x8 src/ASF/common/services/ioport/xmega/ioport_compat.o
 .group         0x00000000        0x8 src/ASF/common/services/ioport/xmega/ioport_compat.o
 .text          0x00000000        0x0 src/ASF/common/services/ioport/xmega/ioport_compat.o
 .data          0x00000000        0x0 src/ASF/common/services/ioport/xmega/ioport_compat.o
 .bss           0x00000000        0x0 src/ASF/common/services/ioport/xmega/ioport_compat.o
 .text.ioport_configure_port_pin
                0x00000000       0x4e src/ASF/common/services/ioport/xmega/ioport_compat.o
 .debug_info    0x00000000      0x121 src/ASF/common/services/ioport/xmega/ioport_compat.o
 .debug_abbrev  0x00000000       0x95 src/ASF/common/services/ioport/xmega/ioport_compat.o
 .debug_loc     0x00000000       0x66 src/ASF/common/services/ioport/xmega/ioport_compat.o
 .debug_aranges
                0x00000000       0x20 src/ASF/common/services/ioport/xmega/ioport_compat.o
 .debug_ranges  0x00000000       0x10 src/ASF/common/services/ioport/xmega/ioport_compat.o
 .debug_macro   0x00000000      0x193 src/ASF/common/services/ioport/xmega/ioport_compat.o
 .debug_macro   0x00000000      0xa96 src/ASF/common/services/ioport/xmega/ioport_compat.o
 .debug_macro   0x00000000      0x708 src/ASF/common/services/ioport/xmega/ioport_compat.o
 .debug_macro   0x00000000       0x10 src/ASF/common/services/ioport/xmega/ioport_compat.o
 .debug_macro   0x00000000      0x1c9 src/ASF/common/services/ioport/xmega/ioport_compat.o
 .debug_macro   0x00000000      0x2fc src/ASF/common/services/ioport/xmega/ioport_compat.o
 .debug_macro   0x00000000       0x9e src/ASF/common/services/ioport/xmega/ioport_compat.o
 .debug_macro   0x00000000     0x6271 src/ASF/common/services/ioport/xmega/ioport_compat.o
 .debug_macro   0x00000000       0x9a src/ASF/common/services/ioport/xmega/ioport_compat.o
 .debug_macro   0x00000000       0xf1 src/ASF/common/services/ioport/xmega/ioport_compat.o
 .debug_macro   0x00000000       0x34 src/ASF/common/services/ioport/xmega/ioport_compat.o
 .debug_macro   0x00000000       0x16 src/ASF/common/services/ioport/xmega/ioport_compat.o
 .debug_macro   0x00000000       0x18 src/ASF/common/services/ioport/xmega/ioport_compat.o
 .debug_macro   0x00000000       0x5e src/ASF/common/services/ioport/xmega/ioport_compat.o
 .debug_macro   0x00000000       0x10 src/ASF/common/services/ioport/xmega/ioport_compat.o
 .debug_macro   0x00000000       0x22 src/ASF/common/services/ioport/xmega/ioport_compat.o
 .debug_macro   0x00000000      0x16d src/ASF/common/services/ioport/xmega/ioport_compat.o
 .debug_macro   0x00000000       0x1c src/ASF/common/services/ioport/xmega/ioport_compat.o
 .debug_macro   0x00000000       0x35 src/ASF/common/services/ioport/xmega/ioport_compat.o
 .debug_macro   0x00000000       0x66 src/ASF/common/services/ioport/xmega/ioport_compat.o
 .debug_macro   0x00000000       0x96 src/ASF/common/services/ioport/xmega/ioport_compat.o
 .debug_macro   0x00000000       0x17 src/ASF/common/services/ioport/xmega/ioport_compat.o
 .debug_macro   0x00000000      0x250 src/ASF/common/services/ioport/xmega/ioport_compat.o
 .debug_macro   0x00000000       0x76 src/ASF/common/services/ioport/xmega/ioport_compat.o
 .debug_macro   0x00000000       0x16 src/ASF/common/services/ioport/xmega/ioport_compat.o
 .debug_macro   0x00000000      0x6d9 src/ASF/common/services/ioport/xmega/ioport_compat.o
 .debug_macro   0x00000000       0x10 src/ASF/common/services/ioport/xmega/ioport_compat.o
 .debug_macro   0x00000000      0x175 src/ASF/common/services/ioport/xmega/ioport_compat.o
 .debug_macro   0x00000000       0x40 src/ASF/common/services/ioport/xmega/ioport_compat.o
 .debug_macro   0x00000000       0x69 src/ASF/common/services/ioport/xmega/ioport_compat.o
 .debug_macro   0x00000000       0x31 src/ASF/common/services/ioport/xmega/ioport_compat.o
 .debug_macro   0x00000000       0xe4 src/ASF/common/services/ioport/xmega/ioport_compat.o
 .debug_macro   0x00000000       0x82 src/ASF/common/services/ioport/xmega/ioport_compat.o
 .debug_macro   0x00000000      0x102 src/ASF/common/services/ioport/xmega/ioport_compat.o
 .debug_line    0x00000000      0x4b4 src/ASF/common/services/ioport/xmega/ioport_compat.o
 .debug_str     0x00000000    0x29956 src/ASF/common/services/ioport/xmega/ioport_compat.o
 .comment       0x00000000       0x31 src/ASF/common/services/ioport/xmega/ioport_compat.o
 .debug_frame   0x00000000       0x30 src/ASF/common/services/ioport/xmega/ioport_compat.o
 .group         0x00000000        0x8 src/ASF/xmega/boards/xmega_a3bu_xplained/init.o
 .group         0x00000000        0x8 src/ASF/xmega/boards/xmega_a3bu_xplained/init.o
 .group         0x00000000        0x8 src/ASF/xmega/boards/xmega_a3bu_xplained/init.o
 .group         0x00000000        0x8 src/ASF/xmega/boards/xmega_a3bu_xplained/init.o
 .group         0x00000000        0x8 src/ASF/xmega/boards/xmega_a3bu_xplained/init.o
 .group         0x00000000        0x8 src/ASF/xmega/boards/xmega_a3bu_xplained/init.o
 .group         0x00000000        0x8 src/ASF/xmega/boards/xmega_a3bu_xplained/init.o
 .group         0x00000000        0x8 src/ASF/xmega/boards/xmega_a3bu_xplained/init.o
 .group         0x00000000        0x8 src/ASF/xmega/boards/xmega_a3bu_xplained/init.o
 .group         0x00000000        0x8 src/ASF/xmega/boards/xmega_a3bu_xplained/init.o
 .group         0x00000000        0x8 src/ASF/xmega/boards/xmega_a3bu_xplained/init.o
 .group         0x00000000        0x8 src/ASF/xmega/boards/xmega_a3bu_xplained/init.o
 .group         0x00000000        0x8 src/ASF/xmega/boards/xmega_a3bu_xplained/init.o
 .group         0x00000000        0x8 src/ASF/xmega/boards/xmega_a3bu_xplained/init.o
 .group         0x00000000        0x8 src/ASF/xmega/boards/xmega_a3bu_xplained/init.o
 .group         0x00000000        0x8 src/ASF/xmega/boards/xmega_a3bu_xplained/init.o
 .group         0x00000000        0x8 src/ASF/xmega/boards/xmega_a3bu_xplained/init.o
 .group         0x00000000        0x8 src/ASF/xmega/boards/xmega_a3bu_xplained/init.o
 .group         0x00000000        0x8 src/ASF/xmega/boards/xmega_a3bu_xplained/init.o
 .group         0x00000000        0x8 src/ASF/xmega/boards/xmega_a3bu_xplained/init.o
 .group         0x00000000        0x8 src/ASF/xmega/boards/xmega_a3bu_xplained/init.o
 .group         0x00000000        0x8 src/ASF/xmega/boards/xmega_a3bu_xplained/init.o
 .group         0x00000000        0x8 src/ASF/xmega/boards/xmega_a3bu_xplained/init.o
 .group         0x00000000        0x8 src/ASF/xmega/boards/xmega_a3bu_xplained/init.o
 .group         0x00000000        0x8 src/ASF/xmega/boards/xmega_a3bu_xplained/init.o
 .group         0x00000000        0x8 src/ASF/xmega/boards/xmega_a3bu_xplained/init.o
 .group         0x00000000        0x8 src/ASF/xmega/boards/xmega_a3bu_xplained/init.o
 .group         0x00000000        0x8 src/ASF/xmega/boards/xmega_a3bu_xplained/init.o
 .group         0x00000000        0x8 src/ASF/xmega/boards/xmega_a3bu_xplained/init.o
 .group         0x00000000        0x8 src/ASF/xmega/boards/xmega_a3bu_xplained/init.o
 .group         0x00000000        0x8 src/ASF/xmega/boards/xmega_a3bu_xplained/init.o
 .group         0x00000000        0x8 src/ASF/xmega/boards/xmega_a3bu_xplained/init.o
 .group         0x00000000        0x8 src/ASF/xmega/boards/xmega_a3bu_xplained/init.o
 .group         0x00000000        0x8 src/ASF/xmega/boards/xmega_a3bu_xplained/init.o
 .group         0x00000000        0x8 src/ASF/xmega/boards/xmega_a3bu_xplained/init.o
 .group         0x00000000        0x8 src/ASF/xmega/boards/xmega_a3bu_xplained/init.o
 .text          0x00000000        0x0 src/ASF/xmega/boards/xmega_a3bu_xplained/init.o
 .data          0x00000000        0x0 src/ASF/xmega/boards/xmega_a3bu_xplained/init.o
 .bss           0x00000000        0x0 src/ASF/xmega/boards/xmega_a3bu_xplained/init.o
 .text.board_init
                0x00000000      0x16e src/ASF/xmega/boards/xmega_a3bu_xplained/init.o
 .debug_info    0x00000000      0xaeb src/ASF/xmega/boards/xmega_a3bu_xplained/init.o
 .debug_abbrev  0x00000000      0x14a src/ASF/xmega/boards/xmega_a3bu_xplained/init.o
 .debug_loc     0x00000000      0x3fa src/ASF/xmega/boards/xmega_a3bu_xplained/init.o
 .debug_aranges
                0x00000000       0x20 src/ASF/xmega/boards/xmega_a3bu_xplained/init.o
 .debug_ranges  0x00000000       0x10 src/ASF/xmega/boards/xmega_a3bu_xplained/init.o
 .debug_macro   0x00000000      0x1b5 src/ASF/xmega/boards/xmega_a3bu_xplained/init.o
 .debug_macro   0x00000000      0xa96 src/ASF/xmega/boards/xmega_a3bu_xplained/init.o
 .debug_macro   0x00000000       0x2e src/ASF/xmega/boards/xmega_a3bu_xplained/init.o
 .debug_macro   0x00000000       0x10 src/ASF/xmega/boards/xmega_a3bu_xplained/init.o
 .debug_macro   0x00000000      0x1c9 src/ASF/xmega/boards/xmega_a3bu_xplained/init.o
 .debug_macro   0x00000000      0x2fc src/ASF/xmega/boards/xmega_a3bu_xplained/init.o
 .debug_macro   0x00000000       0x9e src/ASF/xmega/boards/xmega_a3bu_xplained/init.o
 .debug_macro   0x00000000     0x6271 src/ASF/xmega/boards/xmega_a3bu_xplained/init.o
 .debug_macro   0x00000000       0x9a src/ASF/xmega/boards/xmega_a3bu_xplained/init.o
 .debug_macro   0x00000000       0xf1 src/ASF/xmega/boards/xmega_a3bu_xplained/init.o
 .debug_macro   0x00000000       0x34 src/ASF/xmega/boards/xmega_a3bu_xplained/init.o
 .debug_macro   0x00000000       0x16 src/ASF/xmega/boards/xmega_a3bu_xplained/init.o
 .debug_macro   0x00000000       0x18 src/ASF/xmega/boards/xmega_a3bu_xplained/init.o
 .debug_macro   0x00000000       0x5e src/ASF/xmega/boards/xmega_a3bu_xplained/init.o
 .debug_macro   0x00000000       0x10 src/ASF/xmega/boards/xmega_a3bu_xplained/init.o
 .debug_macro   0x00000000       0x22 src/ASF/xmega/boards/xmega_a3bu_xplained/init.o
 .debug_macro   0x00000000      0x16d src/ASF/xmega/boards/xmega_a3bu_xplained/init.o
 .debug_macro   0x00000000       0x1c src/ASF/xmega/boards/xmega_a3bu_xplained/init.o
 .debug_macro   0x00000000       0x35 src/ASF/xmega/boards/xmega_a3bu_xplained/init.o
 .debug_macro   0x00000000       0x66 src/ASF/xmega/boards/xmega_a3bu_xplained/init.o
 .debug_macro   0x00000000      0x708 src/ASF/xmega/boards/xmega_a3bu_xplained/init.o
 .debug_macro   0x00000000       0x96 src/ASF/xmega/boards/xmega_a3bu_xplained/init.o
 .debug_macro   0x00000000       0x17 src/ASF/xmega/boards/xmega_a3bu_xplained/init.o
 .debug_macro   0x00000000      0x250 src/ASF/xmega/boards/xmega_a3bu_xplained/init.o
 .debug_macro   0x00000000       0x76 src/ASF/xmega/boards/xmega_a3bu_xplained/init.o
 .debug_macro   0x00000000       0x16 src/ASF/xmega/boards/xmega_a3bu_xplained/init.o
 .debug_macro   0x00000000      0x6d9 src/ASF/xmega/boards/xmega_a3bu_xplained/init.o
 .debug_macro   0x00000000       0x10 src/ASF/xmega/boards/xmega_a3bu_xplained/init.o
 .debug_macro   0x00000000      0x175 src/ASF/xmega/boards/xmega_a3bu_xplained/init.o
 .debug_macro   0x00000000       0x40 src/ASF/xmega/boards/xmega_a3bu_xplained/init.o
 .debug_macro   0x00000000       0x69 src/ASF/xmega/boards/xmega_a3bu_xplained/init.o
 .debug_macro   0x00000000       0x31 src/ASF/xmega/boards/xmega_a3bu_xplained/init.o
 .debug_macro   0x00000000       0xe4 src/ASF/xmega/boards/xmega_a3bu_xplained/init.o
 .debug_macro   0x00000000      0x2d2 src/ASF/xmega/boards/xmega_a3bu_xplained/init.o
 .debug_macro   0x00000000      0x2ff src/ASF/xmega/boards/xmega_a3bu_xplained/init.o
 .debug_macro   0x00000000       0x82 src/ASF/xmega/boards/xmega_a3bu_xplained/init.o
 .debug_macro   0x00000000      0x102 src/ASF/xmega/boards/xmega_a3bu_xplained/init.o
 .debug_line    0x00000000      0x4df src/ASF/xmega/boards/xmega_a3bu_xplained/init.o
 .debug_str     0x00000000    0x2b5e5 src/ASF/xmega/boards/xmega_a3bu_xplained/init.o
 .comment       0x00000000       0x31 src/ASF/xmega/boards/xmega_a3bu_xplained/init.o
 .debug_frame   0x00000000       0x24 src/ASF/xmega/boards/xmega_a3bu_xplained/init.o
 .group         0x00000000        0x8 src/main.o
 .group         0x00000000        0x8 src/main.o
 .group         0x00000000        0x8 src/main.o
 .group         0x00000000        0x8 src/main.o
 .group         0x00000000        0x8 src/main.o
 .group         0x00000000        0x8 src/main.o
 .group         0x00000000        0x8 src/main.o
 .group         0x00000000        0x8 src/main.o
 .group         0x00000000        0x8 src/main.o
 .group         0x00000000        0x8 src/main.o
 .group         0x00000000        0x8 src/main.o
 .group         0x00000000        0x8 src/main.o
 .group         0x00000000        0x8 src/main.o
 .group         0x00000000        0x8 src/main.o
 .group         0x00000000        0x8 src/main.o
 .group         0x00000000        0x8 src/main.o
 .group         0x00000000        0x8 src/main.o
 .group         0x00000000        0x8 src/main.o
 .group         0x00000000        0x8 src/main.o
 .group         0x00000000        0x8 src/main.o
 .group         0x00000000        0x8 src/main.o
 .group         0x00000000        0x8 src/main.o
 .group         0x00000000        0x8 src/main.o
 .group         0x00000000        0x8 src/main.o
 .group         0x00000000        0x8 src/main.o
 .group         0x00000000        0x8 src/main.o
 .group         0x00000000        0x8 src/main.o
 .group         0x00000000        0x8 src/main.o
 .group         0x00000000        0x8 src/main.o
 .group         0x00000000        0x8 src/main.o
 .group         0x00000000        0x8 src/main.o
 .group         0x00000000        0x8 src/main.o
 .group         0x00000000        0x8 src/main.o
 .group         0x00000000        0x8 src/main.o
 .group         0x00000000        0x8 src/main.o
 .group         0x00000000        0x8 src/main.o
 .group         0x00000000        0x8 src/main.o
 .group         0x00000000        0x8 src/main.o
 .group         0x00000000        0x8 src/main.o
 .group         0x00000000        0x8 src/main.o
 .group         0x00000000        0x8 src/main.o
 .group         0x00000000        0x8 src/main.o
 .group         0x00000000        0x8 src/main.o
 .group         0x00000000        0x8 src/main.o
 .group         0x00000000        0x8 src/main.o
 .group         0x00000000        0x8 src/main.o
 .group         0x00000000        0x8 src/main.o
 .text          0x00000000        0x0 src/main.o
 .data          0x00000000        0x0 src/main.o
 .bss           0x00000000        0x0 src/main.o
 .text.delay    0x00000000       0x4c src/main.o
 .text.clearOVFIF
                0x00000000        0x8 src/main.o
 .text.delayClock
                0x00000000       0x30 src/main.o
 .text.WriteReg
                0x00000000        0x6 src/main.o
 .text.ReadReg  0x00000000        0x8 src/main.o
 .debug_macro   0x00000000      0xa96 src/main.o
 .debug_macro   0x00000000       0x10 src/main.o
 .debug_macro   0x00000000      0x1c9 src/main.o
 .debug_macro   0x00000000      0x2fc src/main.o
 .debug_macro   0x00000000       0x9e src/main.o
 .debug_macro   0x00000000     0x6271 src/main.o
 .debug_macro   0x00000000       0x9a src/main.o
 .debug_macro   0x00000000       0xf1 src/main.o
 .debug_macro   0x00000000       0x34 src/main.o
 .debug_macro   0x00000000       0x16 src/main.o
 .debug_macro   0x00000000       0x18 src/main.o
 .debug_macro   0x00000000       0x5e src/main.o
 .debug_macro   0x00000000       0x10 src/main.o
 .debug_macro   0x00000000       0x22 src/main.o
 .debug_macro   0x00000000      0x16d src/main.o
 .debug_macro   0x00000000       0x1c src/main.o
 .debug_macro   0x00000000       0x35 src/main.o
 .debug_macro   0x00000000       0x66 src/main.o
 .debug_macro   0x00000000      0x708 src/main.o
 .debug_macro   0x00000000       0x96 src/main.o
 .debug_macro   0x00000000       0x17 src/main.o
 .debug_macro   0x00000000      0x250 src/main.o
 .debug_macro   0x00000000       0x76 src/main.o
 .debug_macro   0x00000000       0x16 src/main.o
 .debug_macro   0x00000000      0x6d9 src/main.o
 .debug_macro   0x00000000       0x10 src/main.o
 .debug_macro   0x00000000      0x175 src/main.o
 .debug_macro   0x00000000       0x40 src/main.o
 .debug_macro   0x00000000       0x69 src/main.o
 .debug_macro   0x00000000       0x31 src/main.o
 .debug_macro   0x00000000       0xe4 src/main.o
 .debug_macro   0x00000000       0x82 src/main.o
 .debug_macro   0x00000000      0x102 src/main.o
 .debug_macro   0x00000000      0x2d8 src/main.o
 .debug_macro   0x00000000      0x2ff src/main.o
 .debug_macro   0x00000000       0x26 src/main.o
 .debug_macro   0x00000000       0x42 src/main.o
 .debug_macro   0x00000000       0x10 src/main.o
 .debug_macro   0x00000000       0x22 src/main.o
 .debug_macro   0x00000000       0x79 src/main.o
 .debug_macro   0x00000000       0x2f src/main.o
 .debug_macro   0x00000000      0x154 src/main.o
 .debug_macro   0x00000000       0x12 src/main.o
 .text          0x00000000        0x0 c:/program files (x86)/atmel/studio/7.0/toolchain/avr8/avr8-gnu-toolchain/bin/../lib/gcc/avr/5.4.0/avrxmega6\libgcc.a(_exit.o)
 .data          0x00000000        0x0 c:/program files (x86)/atmel/studio/7.0/toolchain/avr8/avr8-gnu-toolchain/bin/../lib/gcc/avr/5.4.0/avrxmega6\libgcc.a(_exit.o)
 .bss           0x00000000        0x0 c:/program files (x86)/atmel/studio/7.0/toolchain/avr8/avr8-gnu-toolchain/bin/../lib/gcc/avr/5.4.0/avrxmega6\libgcc.a(_exit.o)
 .text.libgcc.mul
                0x00000000        0x0 c:/program files (x86)/atmel/studio/7.0/toolchain/avr8/avr8-gnu-toolchain/bin/../lib/gcc/avr/5.4.0/avrxmega6\libgcc.a(_exit.o)
 .text.libgcc.div
                0x00000000        0x0 c:/program files (x86)/atmel/studio/7.0/toolchain/avr8/avr8-gnu-toolchain/bin/../lib/gcc/avr/5.4.0/avrxmega6\libgcc.a(_exit.o)
 .text.libgcc   0x00000000        0x0 c:/program files (x86)/atmel/studio/7.0/toolchain/avr8/avr8-gnu-toolchain/bin/../lib/gcc/avr/5.4.0/avrxmega6\libgcc.a(_exit.o)
 .text.libgcc.prologue
                0x00000000        0x0 c:/program files (x86)/atmel/studio/7.0/toolchain/avr8/avr8-gnu-toolchain/bin/../lib/gcc/avr/5.4.0/avrxmega6\libgcc.a(_exit.o)
 .text.libgcc.builtins
                0x00000000        0x0 c:/program files (x86)/atmel/studio/7.0/toolchain/avr8/avr8-gnu-toolchain/bin/../lib/gcc/avr/5.4.0/avrxmega6\libgcc.a(_exit.o)
 .text.libgcc.fmul
                0x00000000        0x0 c:/program files (x86)/atmel/studio/7.0/toolchain/avr8/avr8-gnu-toolchain/bin/../lib/gcc/avr/5.4.0/avrxmega6\libgcc.a(_exit.o)
 .text.libgcc.fixed
                0x00000000        0x0 c:/program files (x86)/atmel/studio/7.0/toolchain/avr8/avr8-gnu-toolchain/bin/../lib/gcc/avr/5.4.0/avrxmega6\libgcc.a(_exit.o)
 .text          0x00000000        0x0 c:/program files (x86)/atmel/studio/7.0/toolchain/avr8/avr8-gnu-toolchain/bin/../lib/gcc/avr/5.4.0/avrxmega6\libgcc.a(_copy_data.o)
 .data          0x00000000        0x0 c:/program files (x86)/atmel/studio/7.0/toolchain/avr8/avr8-gnu-toolchain/bin/../lib/gcc/avr/5.4.0/avrxmega6\libgcc.a(_copy_data.o)
 .bss           0x00000000        0x0 c:/program files (x86)/atmel/studio/7.0/toolchain/avr8/avr8-gnu-toolchain/bin/../lib/gcc/avr/5.4.0/avrxmega6\libgcc.a(_copy_data.o)
 .text.libgcc.mul
                0x00000000        0x0 c:/program files (x86)/atmel/studio/7.0/toolchain/avr8/avr8-gnu-toolchain/bin/../lib/gcc/avr/5.4.0/avrxmega6\libgcc.a(_copy_data.o)
 .text.libgcc.div
                0x00000000        0x0 c:/program files (x86)/atmel/studio/7.0/toolchain/avr8/avr8-gnu-toolchain/bin/../lib/gcc/avr/5.4.0/avrxmega6\libgcc.a(_copy_data.o)
 .text.libgcc   0x00000000        0x0 c:/program files (x86)/atmel/studio/7.0/toolchain/avr8/avr8-gnu-toolchain/bin/../lib/gcc/avr/5.4.0/avrxmega6\libgcc.a(_copy_data.o)
 .text.libgcc.prologue
                0x00000000        0x0 c:/program files (x86)/atmel/studio/7.0/toolchain/avr8/avr8-gnu-toolchain/bin/../lib/gcc/avr/5.4.0/avrxmega6\libgcc.a(_copy_data.o)
 .text.libgcc.builtins
                0x00000000        0x0 c:/program files (x86)/atmel/studio/7.0/toolchain/avr8/avr8-gnu-toolchain/bin/../lib/gcc/avr/5.4.0/avrxmega6\libgcc.a(_copy_data.o)
 .text.libgcc.fmul
                0x00000000        0x0 c:/program files (x86)/atmel/studio/7.0/toolchain/avr8/avr8-gnu-toolchain/bin/../lib/gcc/avr/5.4.0/avrxmega6\libgcc.a(_copy_data.o)
 .text.libgcc.fixed
                0x00000000        0x0 c:/program files (x86)/atmel/studio/7.0/toolchain/avr8/avr8-gnu-toolchain/bin/../lib/gcc/avr/5.4.0/avrxmega6\libgcc.a(_copy_data.o)
 .text          0x00000000        0x0 c:/program files (x86)/atmel/studio/7.0/toolchain/avr8/avr8-gnu-toolchain/bin/../lib/gcc/avr/5.4.0/avrxmega6\libgcc.a(_clear_bss.o)
 .data          0x00000000        0x0 c:/program files (x86)/atmel/studio/7.0/toolchain/avr8/avr8-gnu-toolchain/bin/../lib/gcc/avr/5.4.0/avrxmega6\libgcc.a(_clear_bss.o)
 .bss           0x00000000        0x0 c:/program files (x86)/atmel/studio/7.0/toolchain/avr8/avr8-gnu-toolchain/bin/../lib/gcc/avr/5.4.0/avrxmega6\libgcc.a(_clear_bss.o)
 .text.libgcc.mul
                0x00000000        0x0 c:/program files (x86)/atmel/studio/7.0/toolchain/avr8/avr8-gnu-toolchain/bin/../lib/gcc/avr/5.4.0/avrxmega6\libgcc.a(_clear_bss.o)
 .text.libgcc.div
                0x00000000        0x0 c:/program files (x86)/atmel/studio/7.0/toolchain/avr8/avr8-gnu-toolchain/bin/../lib/gcc/avr/5.4.0/avrxmega6\libgcc.a(_clear_bss.o)
 .text.libgcc   0x00000000        0x0 c:/program files (x86)/atmel/studio/7.0/toolchain/avr8/avr8-gnu-toolchain/bin/../lib/gcc/avr/5.4.0/avrxmega6\libgcc.a(_clear_bss.o)
 .text.libgcc.prologue
                0x00000000        0x0 c:/program files (x86)/atmel/studio/7.0/toolchain/avr8/avr8-gnu-toolchain/bin/../lib/gcc/avr/5.4.0/avrxmega6\libgcc.a(_clear_bss.o)
 .text.libgcc.builtins
                0x00000000        0x0 c:/program files (x86)/atmel/studio/7.0/toolchain/avr8/avr8-gnu-toolchain/bin/../lib/gcc/avr/5.4.0/avrxmega6\libgcc.a(_clear_bss.o)
 .text.libgcc.fmul
                0x00000000        0x0 c:/program files (x86)/atmel/studio/7.0/toolchain/avr8/avr8-gnu-toolchain/bin/../lib/gcc/avr/5.4.0/avrxmega6\libgcc.a(_clear_bss.o)
 .text.libgcc.fixed
                0x00000000        0x0 c:/program files (x86)/atmel/studio/7.0/toolchain/avr8/avr8-gnu-toolchain/bin/../lib/gcc/avr/5.4.0/avrxmega6\libgcc.a(_clear_bss.o)
 .text          0x00000000        0x0 c:/program files (x86)/atmel/studio/7.0/toolchain/avr8/avr8-gnu-toolchain/bin/../lib/gcc/avr/5.4.0/../../../../avr/lib/avrxmega6\libc.a(memcpy.o)
 .data          0x00000000        0x0 c:/program files (x86)/atmel/studio/7.0/toolchain/avr8/avr8-gnu-toolchain/bin/../lib/gcc/avr/5.4.0/../../../../avr/lib/avrxmega6\libc.a(memcpy.o)
 .bss           0x00000000        0x0 c:/program files (x86)/atmel/studio/7.0/toolchain/avr8/avr8-gnu-toolchain/bin/../lib/gcc/avr/5.4.0/../../../../avr/lib/avrxmega6\libc.a(memcpy.o)
 .text.avr-libc
                0x00000000       0x12 c:/program files (x86)/atmel/studio/7.0/toolchain/avr8/avr8-gnu-toolchain/bin/../lib/gcc/avr/5.4.0/../../../../avr/lib/avrxmega6\libc.a(memcpy.o)

Memory Configuration

Name             Origin             Length             Attributes
text             0x00000000         0x00100000         xr
data             0x00802000         0x0000ffa0         rw !x
eeprom           0x00810000         0x00010000         rw !x
fuse             0x00820000         0x00000006         rw !x
lock             0x00830000         0x00000400         rw !x
signature        0x00840000         0x00000400         rw !x
user_signatures  0x00850000         0x00000400         rw !x
*default*        0x00000000         0xffffffff

Linker script and memory map

LOAD C:/Program Files (x86)/Atmel/Studio/7.0/Packs/atmel/XMEGAA_DFP/1.1.68/gcc/dev/atxmega256a3bu/avrxmega6/crtatxmega256a3bu.o
LOAD src/ASF/common/services/clock/xmega/sysclk.o
LOAD src/ASF/common/services/sleepmgr/xmega/sleepmgr.o
LOAD src/ASF/xmega/drivers/cpu/ccp.o
LOAD src/ASF/xmega/drivers/nvm/nvm.o
LOAD src/ASF/xmega/drivers/nvm/nvm_asm.o
LOAD src/ASF/xmega/drivers/tc/tc.o
LOAD src/devreg.o
LOAD src/ASF/common/services/ioport/xmega/ioport_compat.o
LOAD src/ASF/xmega/boards/xmega_a3bu_xplained/init.o
LOAD src/main.o
START GROUP
LOAD c:/program files (x86)/atmel/studio/7.0/toolchain/avr8/avr8-gnu-toolchain/bin/../lib/gcc/avr/5.4.0/../../../../avr/lib/avrxmega6\libm.a
END GROUP
Address of section .BOOT set to 0x40000
START GROUP
LOAD c:/program files (x86)/atmel/studio/7.0/toolchain/avr8/avr8-gnu-toolchain/bin/../lib/gcc/avr/5.4.0/avrxmega6\libgcc.a
LOAD c:/program files (x86)/atmel/studio/7.0/toolchain/avr8/avr8-gnu-toolchain/bin/../lib/gcc/avr/5.4.0/../../../../avr/lib/avrxmega6\libm.a
LOAD c:/program files (x86)/atmel/studio/7.0/toolchain/avr8/avr8-gnu-toolchain/bin/../lib/gcc/avr/5.4.0/../../../../avr/lib/avrxmega6\libc.a
LOAD C:/Program Files (x86)/Atmel/Studio/7.0/Packs/atmel/XMEGAA_DFP/1.1.68/gcc/dev/atxmega256a3bu/avrxmega6\libatxmega256a3bu.a
END GROUP
                0x00000000                __TEXT_REGION_ORIGIN__ = DEFINED (__TEXT_REGION_ORIGIN__)?__TEXT_REGION_ORIGIN__:0x0
                0x00802000                __DATA_REGION_ORIGIN__ = DEFINED (__DATA_REGION_ORIGIN__)?__DATA_REGION_ORIGIN__:0x802000
                0x00100000                __TEXT_REGION_LENGTH__ = DEFINED (__TEXT_REGION_LENGTH__)?__TEXT_REGION_LENGTH__:0x100000
                0x0000ffa0                __DATA_REGION_LENGTH__ = DEFINED (__DATA_REGION_LENGTH__)?__DATA_REGION_LENGTH__:0xffa0
                0x00010000                __EEPROM_REGION_LENGTH__ = DEFINED (__EEPROM_REGION_LENGTH__)?__EEPROM_REGION_LENGTH__:0x10000
                [0x00000006]                __FUSE_REGION_LENGTH__ = DEFINED (__FUSE_REGION_LENGTH__)?__FUSE_REGION_LENGTH__:0x400
                0x00000400                __LOCK_REGION_LENGTH__ = DEFINED (__LOCK_REGION_LENGTH__)?__LOCK_REGION_LENGTH__:0x400
                0x00000400                __SIGNATURE_REGION_LENGTH__ = DEFINED (__SIGNATURE_REGION_LENGTH__)?__SIGNATURE_REGION_LENGTH__:0x400
                0x00000400                __USER_SIGNATURE_REGION_LENGTH__ = DEFINED (__USER_SIGNATURE_REGION_LENGTH__)?__USER_SIGNATURE_REGION_LENGTH__:0x400

.hash
 *(.hash)

.dynsym
 *(.dynsym)

.dynstr
 *(.dynstr)

.gnu.version
 *(.gnu.version)

.gnu.version_d
 *(.gnu.version_d)

.gnu.version_r
 *(.gnu.version_r)

.rel.init
 *(.rel.init)

.rela.init
 *(.rela.init)

.rel.text
 *(.rel.text)
 *(.rel.text.*)
 *(.rel.gnu.linkonce.t*)

.rela.text
 *(.rela.text)
 *(.rela.text.*)
 *(.rela.gnu.linkonce.t*)

.rel.fini
 *(.rel.fini)

.rela.fini
 *(.rela.fini)

.rel.rodata
 *(.rel.rodata)
 *(.rel.rodata.*)
 *(.rel.gnu.linkonce.r*)

.rela.rodata
 *(.rela.rodata)
 *(.rela.rodata.*)
 *(.rela.gnu.linkonce.r*)

.rel.data
 *(.rel.data)
 *(.rel.data.*)
 *(.rel.gnu.linkonce.d*)

.rela.data
 *(.rela.data)
 *(.rela.data.*)
 *(.rela.gnu.linkonce.d*)

.rel.ctors
 *(.rel.ctors)

.rela.ctors
 *(.rela.ctors)

.rel.dtors
 *(.rel.dtors)

.rela.dtors
 *(.rela.dtors)

.rel.got
 *(.rel.got)

.rela.got
 *(.rela.got)

.rel.bss
 *(.rel.bss)

.rela.bss
 *(.rela.bss)

.rel.plt
 *(.rel.plt)

.rela.plt
 *(.rela.plt)

.text           0x00000000     0x111a
 *(.vectors)
 .vectors       0x00000000      0x1fc C:/Program Files (x86)/Atmel/Studio/7.0/Packs/atmel/XMEGAA_DFP/1.1.68/gcc/dev/atxmega256a3bu/avrxmega6/crtatxmega256a3bu.o
                0x00000000                __vector_default
                0x00000000                __vectors
 *(.vectors)
 *(.progmem.gcc*)
                0x000001fc                . = ALIGN (0x2)
                0x000001fc                __trampolines_start = .
 *(.trampolines)
 .trampolines   0x000001fc        0x0 linker stubs
 *(.trampolines*)
                0x000001fc                __trampolines_end = .
 *libprintf_flt.a:*(.progmem.data)
 *libc.a:*(.progmem.data)
 *(.progmem*)
                0x000001fc                . = ALIGN (0x2)
 *(.jumptables)
 *(.jumptables*)
 *(.lowtext)
 *(.lowtext*)
                0x000001fc                __ctors_start = .
 *(.ctors)
                0x000001fc                __ctors_end = .
                0x000001fc                __dtors_start = .
 *(.dtors)
                0x000001fc                __dtors_end = .
 SORT(*)(.ctors)
 SORT(*)(.dtors)
 *(.init0)
 .init0         0x000001fc        0x0 C:/Program Files (x86)/Atmel/Studio/7.0/Packs/atmel/XMEGAA_DFP/1.1.68/gcc/dev/atxmega256a3bu/avrxmega6/crtatxmega256a3bu.o
                0x000001fc                __init
 *(.init0)
 *(.init1)
 *(.init1)
 *(.init2)
 .init2         0x000001fc       0x10 C:/Program Files (x86)/Atmel/Studio/7.0/Packs/atmel/XMEGAA_DFP/1.1.68/gcc/dev/atxmega256a3bu/avrxmega6/crtatxmega256a3bu.o
 *(.init2)
 *(.init3)
 *(.init3)
 *(.init4)
 .init4         0x0000020c       0x1a c:/program files (x86)/atmel/studio/7.0/toolchain/avr8/avr8-gnu-toolchain/bin/../lib/gcc/avr/5.4.0/avrxmega6\libgcc.a(_copy_data.o)
                0x0000020c                __do_copy_data
 .init4         0x00000226       0x10 c:/program files (x86)/atmel/studio/7.0/toolchain/avr8/avr8-gnu-toolchain/bin/../lib/gcc/avr/5.4.0/avrxmega6\libgcc.a(_clear_bss.o)
                0x00000226                __do_clear_bss
 *(.init4)
 *(.init5)
 *(.init5)
 *(.init6)
 *(.init6)
 *(.init7)
 *(.init7)
 *(.init8)
 *(.init8)
 *(.init9)
 .init9         0x00000236        0x4 C:/Program Files (x86)/Atmel/Studio/7.0/Packs/atmel/XMEGAA_DFP/1.1.68/gcc/dev/atxmega256a3bu/avrxmega6/crtatxmega256a3bu.o
 *(.init9)
 *(.text)
 .text          0x0000023a        0x2 C:/Program Files (x86)/Atmel/Studio/7.0/Packs/atmel/XMEGAA_DFP/1.1.68/gcc/dev/atxmega256a3bu/avrxmega6/crtatxmega256a3bu.o
                0x0000023a                __vector_38
                0x0000023a                __vector_104
                0x0000023a                __vector_63
                0x0000023a                __vector_28
                0x0000023a                __vector_67
                0x0000023a                __vector_1
                0x0000023a                __vector_119
                0x0000023a                __vector_32
                0x0000023a                __vector_75
                0x0000023a                __vector_71
                0x0000023a                __vector_91
                0x0000023a                __vector_34
                0x0000023a                __vector_62
                0x0000023a                __vector_102
                0x0000023a                __vector_24
                0x0000023a                __vector_12
                0x0000023a                __vector_69
                0x0000023a                __vector_90
                0x0000023a                __vector_46
                0x0000023a                __bad_interrupt
                0x0000023a                __vector_122
                0x0000023a                __vector_72
                0x0000023a                __vector_114
                0x0000023a                __vector_6
                0x0000023a                __vector_31
                0x0000023a                __vector_92
                0x0000023a                __vector_35
                0x0000023a                __vector_74
                0x0000023a                __vector_117
                0x0000023a                __vector_39
                0x0000023a                __vector_107
                0x0000023a                __vector_3
                0x0000023a                __vector_105
                0x0000023a                __vector_98
                0x0000023a                __vector_68
                0x0000023a                __vector_30
                0x0000023a                __vector_73
                0x0000023a                __vector_45
                0x0000023a                __vector_25
                0x0000023a                __vector_93
                0x0000023a                __vector_61
                0x0000023a                __vector_11
                0x0000023a                __vector_99
                0x0000023a                __vector_13
                0x0000023a                __vector_7
                0x0000023a                __vector_125
                0x0000023a                __vector_123
                0x0000023a                __vector_41
                0x0000023a                __vector_100
                0x0000023a                __vector_101
                0x0000023a                __vector_64
                0x0000023a                __vector_88
                0x0000023a                __vector_43
                0x0000023a                __vector_27
                0x0000023a                __vector_5
                0x0000023a                __vector_33
                0x0000023a                __vector_76
                0x0000023a                __vector_115
                0x0000023a                __vector_37
                0x0000023a                __vector_95
                0x0000023a                __vector_103
                0x0000023a                __vector_96
                0x0000023a                __vector_89
                0x0000023a                __vector_4
                0x0000023a                __vector_44
                0x0000023a                __vector_106
                0x0000023a                __vector_118
                0x0000023a                __vector_9
                0x0000023a                __vector_2
                0x0000023a                __vector_66
                0x0000023a                __vector_36
                0x0000023a                __vector_58
                0x0000023a                __vector_70
                0x0000023a                __vector_29
                0x0000023a                __vector_60
                0x0000023a                __vector_121
                0x0000023a                __vector_40
                0x0000023a                __vector_94
                0x0000023a                __vector_126
                0x0000023a                __vector_8
                0x0000023a                __vector_26
                0x0000023a                __vector_124
                0x0000023a                __vector_116
                0x0000023a                __vector_57
                0x0000023a                __vector_10
                0x0000023a                __vector_59
                0x0000023a                __vector_97
                0x0000023a                __vector_42
                0x0000023a                __vector_87
                0x0000023a                __vector_65
                0x0000023a                __vector_120
                0x0000023c                . = ALIGN (0x2)
 *(.text.*)
 .text.sysclk_init
                0x0000023c       0x20 src/ASF/common/services/clock/xmega/sysclk.o
                0x0000023c                sysclk_init
 .text.sysclk_enable_module
                0x0000025c       0x2c src/ASF/common/services/clock/xmega/sysclk.o
                0x0000025c                sysclk_enable_module
 .text.__vector_14
                0x00000288       0x5a src/ASF/xmega/drivers/tc/tc.o
                0x00000288                __vector_14
 .text.__vector_15
                0x000002e2       0x5a src/ASF/xmega/drivers/tc/tc.o
                0x000002e2                __vector_15
 .text.__vector_16
                0x0000033c       0x5a src/ASF/xmega/drivers/tc/tc.o
                0x0000033c                __vector_16
 .text.__vector_17
                0x00000396       0x5a src/ASF/xmega/drivers/tc/tc.o
                0x00000396                __vector_17
 .text.__vector_18
                0x000003f0       0x5a src/ASF/xmega/drivers/tc/tc.o
                0x000003f0                __vector_18
 .text.__vector_19
                0x0000044a       0x5a src/ASF/xmega/drivers/tc/tc.o
                0x0000044a                __vector_19
 .text.__vector_20
                0x000004a4       0x5a src/ASF/xmega/drivers/tc/tc.o
                0x000004a4                __vector_20
 .text.__vector_21
                0x000004fe       0x5a src/ASF/xmega/drivers/tc/tc.o
                0x000004fe                __vector_21
 .text.__vector_22
                0x00000558       0x5a src/ASF/xmega/drivers/tc/tc.o
                0x00000558                __vector_22
 .text.__vector_23
                0x000005b2       0x5a src/ASF/xmega/drivers/tc/tc.o
                0x000005b2                __vector_23
 .text.__vector_77
                0x0000060c       0x5a src/ASF/xmega/drivers/tc/tc.o
                0x0000060c                __vector_77
 .text.__vector_78
                0x00000666       0x5a src/ASF/xmega/drivers/tc/tc.o
                0x00000666                __vector_78
 .text.__vector_79
                0x000006c0       0x5a src/ASF/xmega/drivers/tc/tc.o
                0x000006c0                __vector_79
 .text.__vector_80
                0x0000071a       0x5a src/ASF/xmega/drivers/tc/tc.o
                0x0000071a                __vector_80
 .text.__vector_81
                0x00000774       0x5a src/ASF/xmega/drivers/tc/tc.o
                0x00000774                __vector_81
 .text.__vector_82
                0x000007ce       0x5a src/ASF/xmega/drivers/tc/tc.o
                0x000007ce                __vector_82
 .text.__vector_83
                0x00000828       0x5a src/ASF/xmega/drivers/tc/tc.o
                0x00000828                __vector_83
 .text.__vector_84
                0x00000882       0x5a src/ASF/xmega/drivers/tc/tc.o
                0x00000882                __vector_84
 .text.__vector_85
                0x000008dc       0x5a src/ASF/xmega/drivers/tc/tc.o
                0x000008dc                __vector_85
 .text.__vector_86
                0x00000936       0x5a src/ASF/xmega/drivers/tc/tc.o
                0x00000936                __vector_86
 .text.__vector_47
                0x00000990       0x5a src/ASF/xmega/drivers/tc/tc.o
                0x00000990                __vector_47
 .text.__vector_48
                0x000009ea       0x5a src/ASF/xmega/drivers/tc/tc.o
                0x000009ea                __vector_48
 .text.__vector_49
                0x00000a44       0x5a src/ASF/xmega/drivers/tc/tc.o
                0x00000a44                __vector_49
 .text.__vector_50
                0x00000a9e       0x5a src/ASF/xmega/drivers/tc/tc.o
                0x00000a9e                __vector_50
 .text.__vector_51
                0x00000af8       0x5a src/ASF/xmega/drivers/tc/tc.o
                0x00000af8                __vector_51
 .text.__vector_52
                0x00000b52       0x5a src/ASF/xmega/drivers/tc/tc.o
                0x00000b52                __vector_52
 .text.__vector_53
                0x00000bac       0x5a src/ASF/xmega/drivers/tc/tc.o
                0x00000bac                __vector_53
 .text.__vector_54
                0x00000c06       0x5a src/ASF/xmega/drivers/tc/tc.o
                0x00000c06                __vector_54
 .text.__vector_55
                0x00000c60       0x5a src/ASF/xmega/drivers/tc/tc.o
                0x00000c60                __vector_55
 .text.__vector_56
                0x00000cba       0x5a src/ASF/xmega/drivers/tc/tc.o
                0x00000cba                __vector_56
 .text.__vector_108
                0x00000d14       0x5a src/ASF/xmega/drivers/tc/tc.o
                0x00000d14                __vector_108
 .text.__vector_109
                0x00000d6e       0x5a src/ASF/xmega/drivers/tc/tc.o
                0x00000d6e                __vector_109
 .text.__vector_110
                0x00000dc8       0x5a src/ASF/xmega/drivers/tc/tc.o
                0x00000dc8                __vector_110
 .text.__vector_111
                0x00000e22       0x5a src/ASF/xmega/drivers/tc/tc.o
                0x00000e22                __vector_111
 .text.__vector_112
                0x00000e7c       0x5a src/ASF/xmega/drivers/tc/tc.o
                0x00000e7c                __vector_112
 .text.__vector_113
                0x00000ed6       0x5a src/ASF/xmega/drivers/tc/tc.o
                0x00000ed6                __vector_113
 .text.tc_enable
                0x00000f30       0xe2 src/ASF/xmega/drivers/tc/tc.o
                0x00000f30                tc_enable
 .text.tc_set_overflow_interrupt_callback
                0x00001012       0x7c src/ASF/xmega/drivers/tc/tc.o
                0x00001012                tc_set_overflow_interrupt_callback
 .text.my_callback
                0x0000108e       0x1c src/main.o
 .text.blinkLEDs
                0x000010aa       0x14 src/main.o
                0x000010aa                blinkLEDs
 .text.timer_init
                0x000010be       0x3a src/main.o
                0x000010be                timer_init
 .text.main     0x000010f8       0x1e src/main.o
                0x000010f8                main
                0x00001116                . = ALIGN (0x2)
 *(.fini9)
 .fini9         0x00001116        0x0 c:/program files (x86)/atmel/studio/7.0/toolchain/avr8/avr8-gnu-toolchain/bin/../lib/gcc/avr/5.4.0/avrxmega6\libgcc.a(_exit.o)
                0x00001116                _exit
                0x00001116                exit
 *(.fini9)
 *(.fini8)
 *(.fini8)
 *(.fini7)
 *(.fini7)
 *(.fini6)
 *(.fini6)
 *(.fini5)
 *(.fini5)
 *(.fini4)
 *(.fini4)
 *(.fini3)
 *(.fini3)
 *(.fini2)
 *(.fini2)
 *(.fini1)
 *(.fini1)
 *(.fini0)
 .fini0         0x00001116        0x4 c:/program files (x86)/atmel/studio/7.0/toolchain/avr8/avr8-gnu-toolchain/bin/../lib/gcc/avr/5.4.0/avrxmega6\libgcc.a(_exit.o)
 *(.fini0)
                0x0000111a                _etext = .

.data           0x00802000        0x0 load address 0x0000111a
                0x00802000                PROVIDE (__data_start, .)
 *(.data)
 *(.data*)
 *(.gnu.linkonce.d*)
 *(.rodata)
 *(.rodata*)
 *(.gnu.linkonce.r*)
                0x00802000                . = ALIGN (0x2)
                0x00802000                _edata = .
                0x00802000                PROVIDE (__data_end, .)

.bss            0x00802000       0x4f
                0x00802000                PROVIDE (__bss_start, .)
 *(.bss)
 *(.bss*)
 .bss.tc_tcf0_ccd_callback
                0x00802000        0x2 src/ASF/xmega/drivers/tc/tc.o
 .bss.tc_tcf0_ccc_callback
                0x00802002        0x2 src/ASF/xmega/drivers/tc/tc.o
 .bss.tc_tcf0_ccb_callback
                0x00802004        0x2 src/ASF/xmega/drivers/tc/tc.o
 .bss.tc_tcf0_cca_callback
                0x00802006        0x2 src/ASF/xmega/drivers/tc/tc.o
 .bss.tc_tcf0_err_callback
                0x00802008        0x2 src/ASF/xmega/drivers/tc/tc.o
 .bss.tc_tcf0_ovf_callback
                0x0080200a        0x2 src/ASF/xmega/drivers/tc/tc.o
 .bss.tc_tce1_ccb_callback
                0x0080200c        0x2 src/ASF/xmega/drivers/tc/tc.o
 .bss.tc_tce1_cca_callback
                0x0080200e        0x2 src/ASF/xmega/drivers/tc/tc.o
 .bss.tc_tce1_err_callback
                0x00802010        0x2 src/ASF/xmega/drivers/tc/tc.o
 .bss.tc_tce1_ovf_callback
                0x00802012        0x2 src/ASF/xmega/drivers/tc/tc.o
 .bss.tc_tce0_ccd_callback
                0x00802014        0x2 src/ASF/xmega/drivers/tc/tc.o
 .bss.tc_tce0_ccc_callback
                0x00802016        0x2 src/ASF/xmega/drivers/tc/tc.o
 .bss.tc_tce0_ccb_callback
                0x00802018        0x2 src/ASF/xmega/drivers/tc/tc.o
 .bss.tc_tce0_cca_callback
                0x0080201a        0x2 src/ASF/xmega/drivers/tc/tc.o
 .bss.tc_tce0_err_callback
                0x0080201c        0x2 src/ASF/xmega/drivers/tc/tc.o
 .bss.tc_tce0_ovf_callback
                0x0080201e        0x2 src/ASF/xmega/drivers/tc/tc.o
 .bss.tc_tcd1_ccb_callback
                0x00802020        0x2 src/ASF/xmega/drivers/tc/tc.o
 .bss.tc_tcd1_cca_callback
                0x00802022        0x2 src/ASF/xmega/drivers/tc/tc.o
 .bss.tc_tcd1_err_callback
                0x00802024        0x2 src/ASF/xmega/drivers/tc/tc.o
 .bss.tc_tcd1_ovf_callback
                0x00802026        0x2 src/ASF/xmega/drivers/tc/tc.o
 .bss.tc_tcd0_ccd_callback
                0x00802028        0x2 src/ASF/xmega/drivers/tc/tc.o
 .bss.tc_tcd0_ccc_callback
                0x0080202a        0x2 src/ASF/xmega/drivers/tc/tc.o
 .bss.tc_tcd0_ccb_callback
                0x0080202c        0x2 src/ASF/xmega/drivers/tc/tc.o
 .bss.tc_tcd0_cca_callback
                0x0080202e        0x2 src/ASF/xmega/drivers/tc/tc.o
 .bss.tc_tcd0_err_callback
                0x00802030        0x2 src/ASF/xmega/drivers/tc/tc.o
 .bss.tc_tcd0_ovf_callback
                0x00802032        0x2 src/ASF/xmega/drivers/tc/tc.o
 .bss.tc_tcc1_ccb_callback
                0x00802034        0x2 src/ASF/xmega/drivers/tc/tc.o
 .bss.tc_tcc1_cca_callback
                0x00802036        0x2 src/ASF/xmega/drivers/tc/tc.o
 .bss.tc_tcc1_err_callback
                0x00802038        0x2 src/ASF/xmega/drivers/tc/tc.o
 .bss.tc_tcc1_ovf_callback
                0x0080203a        0x2 src/ASF/xmega/drivers/tc/tc.o
 .bss.tc_tcc0_ccd_callback
                0x0080203c        0x2 src/ASF/xmega/drivers/tc/tc.o
 .bss.tc_tcc0_ccc_callback
                0x0080203e        0x2 src/ASF/xmega/drivers/tc/tc.o
 .bss.tc_tcc0_ccb_callback
                0x00802040        0x2 src/ASF/xmega/drivers/tc/tc.o
 .bss.tc_tcc0_cca_callback
                0x00802042        0x2 src/ASF/xmega/drivers/tc/tc.o
 .bss.tc_tcc0_err_callback
                0x00802044        0x2 src/ASF/xmega/drivers/tc/tc.o
 .bss.tc_tcc0_ovf_callback
                0x00802046        0x2 src/ASF/xmega/drivers/tc/tc.o
 .bss.timer_isr_state
                0x00802048        0x1 src/main.o
                0x00802048                timer_isr_state
 *(COMMON)
 COMMON         0x00802049        0x6 src/ASF/common/services/sleepmgr/xmega/sleepmgr.o
                0x00802049                sleepmgr_locks
                0x0080204f                PROVIDE (__bss_end, .)
                0x0000111a                __data_load_start = LOADADDR (.data)
                0x0000111a                __data_load_end = (__data_load_start + SIZEOF (.data))

.noinit         0x0080204f        0x0
                [!provide]                PROVIDE (__noinit_start, .)
 *(.noinit*)
                [!provide]                PROVIDE (__noinit_end, .)
                0x0080204f                _end = .
                [!provide]                PROVIDE (__heap_start, .)

.eeprom         0x00810000        0x0
 *(.eeprom*)
                0x00810000                __eeprom_end = .

.fuse
 *(.fuse)
 *(.lfuse)
 *(.hfuse)
 *(.efuse)

.lock
 *(.lock*)

.signature
 *(.signature*)

.user_signatures
 *(.user_signatures*)

.stab
 *(.stab)

.stabstr
 *(.stabstr)

.stab.excl
 *(.stab.excl)

.stab.exclstr
 *(.stab.exclstr)

.stab.index
 *(.stab.index)

.stab.indexstr
 *(.stab.indexstr)

.comment        0x00000000       0x30
 *(.comment)
 .comment       0x00000000       0x30 src/ASF/common/services/clock/xmega/sysclk.o
                                 0x31 (size before relaxing)
 .comment       0x00000030       0x31 src/ASF/common/services/sleepmgr/xmega/sleepmgr.o
 .comment       0x00000030       0x31 src/ASF/xmega/drivers/tc/tc.o
 .comment       0x00000030       0x31 src/main.o

.note.gnu.avr.deviceinfo
                0x00000000       0x44
 .note.gnu.avr.deviceinfo
                0x00000000       0x44 C:/Program Files (x86)/Atmel/Studio/7.0/Packs/atmel/XMEGAA_DFP/1.1.68/gcc/dev/atxmega256a3bu/avrxmega6/crtatxmega256a3bu.o

.note.gnu.build-id
 *(.note.gnu.build-id)

.debug
 *(.debug)

.line
 *(.line)

.debug_srcinfo
 *(.debug_srcinfo)

.debug_sfnames
 *(.debug_sfnames)

.debug_aranges  0x00000000      0x230
 *(.debug_aranges)
 .debug_aranges
                0x00000000       0x40 src/ASF/common/services/clock/xmega/sysclk.o
 .debug_aranges
                0x00000040       0x18 src/ASF/common/services/sleepmgr/xmega/sleepmgr.o
 .debug_aranges
                0x00000058      0x178 src/ASF/xmega/drivers/tc/tc.o
 .debug_aranges
                0x000001d0       0x60 src/main.o

.debug_pubnames
 *(.debug_pubnames)

.debug_info     0x00000000     0x6383
 *(.debug_info .gnu.linkonce.wi.*)
 .debug_info    0x00000000     0x3379 C:/Program Files (x86)/Atmel/Studio/7.0/Packs/atmel/XMEGAA_DFP/1.1.68/gcc/dev/atxmega256a3bu/avrxmega6/crtatxmega256a3bu.o
 .debug_info    0x00003379      0x71c src/ASF/common/services/clock/xmega/sysclk.o
 .debug_info    0x00003a95      0x129 src/ASF/common/services/sleepmgr/xmega/sleepmgr.o
 .debug_info    0x00003bbe     0x1934 src/ASF/xmega/drivers/tc/tc.o
 .debug_info    0x000054f2      0xe91 src/main.o

.debug_abbrev   0x00000000     0x394e
 *(.debug_abbrev)
 .debug_abbrev  0x00000000     0x30c4 C:/Program Files (x86)/Atmel/Studio/7.0/Packs/atmel/XMEGAA_DFP/1.1.68/gcc/dev/atxmega256a3bu/avrxmega6/crtatxmega256a3bu.o
 .debug_abbrev  0x000030c4      0x218 src/ASF/common/services/clock/xmega/sysclk.o
 .debug_abbrev  0x000032dc       0x84 src/ASF/common/services/sleepmgr/xmega/sleepmgr.o
 .debug_abbrev  0x00003360      0x29b src/ASF/xmega/drivers/tc/tc.o
 .debug_abbrev  0x000035fb      0x353 src/main.o

.debug_line     0x00000000     0x25eb
 *(.debug_line .debug_line.* .debug_line_end)
 .debug_line    0x00000000      0x39d C:/Program Files (x86)/Atmel/Studio/7.0/Packs/atmel/XMEGAA_DFP/1.1.68/gcc/dev/atxmega256a3bu/avrxmega6/crtatxmega256a3bu.o
 .debug_line    0x0000039d      0x630 src/ASF/common/services/clock/xmega/sysclk.o
 .debug_line    0x000009cd      0x457 src/ASF/common/services/sleepmgr/xmega/sleepmgr.o
 .debug_line    0x00000e24      0xed2 src/ASF/xmega/drivers/tc/tc.o
 .debug_line    0x00001cf6      0x8f5 src/main.o

.debug_frame    0x00000000      0xe6c
 *(.debug_frame)
 .debug_frame   0x00000000       0x94 src/ASF/common/services/clock/xmega/sysclk.o
 .debug_frame   0x00000094      0xd24 src/ASF/xmega/drivers/tc/tc.o
 .debug_frame   0x00000db8       0xb4 src/main.o

.debug_str      0x00000000    0x2f3ec
 *(.debug_str)
 .debug_str     0x00000000     0x21e4 C:/Program Files (x86)/Atmel/Studio/7.0/Packs/atmel/XMEGAA_DFP/1.1.68/gcc/dev/atxmega256a3bu/avrxmega6/crtatxmega256a3bu.o
 .debug_str     0x000021e4    0x2b4eb src/ASF/common/services/clock/xmega/sysclk.o
                              0x2bcb7 (size before relaxing)
 .debug_str     0x0002d6cf      0x3d4 src/ASF/common/services/sleepmgr/xmega/sleepmgr.o
                              0x2969f (size before relaxing)
 .debug_str     0x0002daa3      0xa97 src/ASF/xmega/drivers/tc/tc.o
                              0x2c68d (size before relaxing)
 .debug_str     0x0002e53a      0xeb2 src/main.o
                              0x2cebe (size before relaxing)

.debug_loc      0x00000000     0x2340
 *(.debug_loc)
 .debug_loc     0x00000000      0x2c5 src/ASF/common/services/clock/xmega/sysclk.o
 .debug_loc     0x000002c5     0x1df6 src/ASF/xmega/drivers/tc/tc.o
 .debug_loc     0x000020bb      0x285 src/main.o

.debug_macinfo
 *(.debug_macinfo)

.debug_weaknames
 *(.debug_weaknames)

.debug_funcnames
 *(.debug_funcnames)

.debug_typenames
 *(.debug_typenames)

.debug_varnames
 *(.debug_varnames)

.debug_pubtypes
 *(.debug_pubtypes)

.debug_ranges   0x00000000      0x200
 *(.debug_ranges)
 .debug_ranges  0x00000000       0x30 src/ASF/common/services/clock/xmega/sysclk.o
 .debug_ranges  0x00000030      0x168 src/ASF/xmega/drivers/tc/tc.o
 .debug_ranges  0x00000198       0x68 src/main.o

.debug_macro    0x00000000     0xa074
 *(.debug_macro)
 .debug_macro   0x00000000      0x1db src/ASF/common/services/clock/xmega/sysclk.o
 .debug_macro   0x000001db      0xa96 src/ASF/common/services/clock/xmega/sysclk.o
 .debug_macro   0x00000c71       0x10 src/ASF/common/services/clock/xmega/sysclk.o
 .debug_macro   0x00000c81      0x1c9 src/ASF/common/services/clock/xmega/sysclk.o
 .debug_macro   0x00000e4a      0x2fc src/ASF/common/services/clock/xmega/sysclk.o
 .debug_macro   0x00001146       0x9e src/ASF/common/services/clock/xmega/sysclk.o
 .debug_macro   0x000011e4     0x6271 src/ASF/common/services/clock/xmega/sysclk.o
 .debug_macro   0x00007455       0x9a src/ASF/common/services/clock/xmega/sysclk.o
 .debug_macro   0x000074ef       0xf1 src/ASF/common/services/clock/xmega/sysclk.o
 .debug_macro   0x000075e0       0x34 src/ASF/common/services/clock/xmega/sysclk.o
 .debug_macro   0x00007614       0x16 src/ASF/common/services/clock/xmega/sysclk.o
 .debug_macro   0x0000762a       0x18 src/ASF/common/services/clock/xmega/sysclk.o
 .debug_macro   0x00007642       0x5e src/ASF/common/services/clock/xmega/sysclk.o
 .debug_macro   0x000076a0       0x10 src/ASF/common/services/clock/xmega/sysclk.o
 .debug_macro   0x000076b0       0x22 src/ASF/common/services/clock/xmega/sysclk.o
 .debug_macro   0x000076d2      0x16d src/ASF/common/services/clock/xmega/sysclk.o
 .debug_macro   0x0000783f       0x1c src/ASF/common/services/clock/xmega/sysclk.o
 .debug_macro   0x0000785b       0x35 src/ASF/common/services/clock/xmega/sysclk.o
 .debug_macro   0x00007890       0x66 src/ASF/common/services/clock/xmega/sysclk.o
 .debug_macro   0x000078f6      0x708 src/ASF/common/services/clock/xmega/sysclk.o
 .debug_macro   0x00007ffe       0x96 src/ASF/common/services/clock/xmega/sysclk.o
 .debug_macro   0x00008094       0x17 src/ASF/common/services/clock/xmega/sysclk.o
 .debug_macro   0x000080ab      0x250 src/ASF/common/services/clock/xmega/sysclk.o
 .debug_macro   0x000082fb       0x76 src/ASF/common/services/clock/xmega/sysclk.o
 .debug_macro   0x00008371       0x16 src/ASF/common/services/clock/xmega/sysclk.o
 .debug_macro   0x00008387      0x6d9 src/ASF/common/services/clock/xmega/sysclk.o
 .debug_macro   0x00008a60       0x10 src/ASF/common/services/clock/xmega/sysclk.o
 .debug_macro   0x00008a70      0x175 src/ASF/common/services/clock/xmega/sysclk.o
 .debug_macro   0x00008be5       0x40 src/ASF/common/services/clock/xmega/sysclk.o
 .debug_macro   0x00008c25       0x69 src/ASF/common/services/clock/xmega/sysclk.o
 .debug_macro   0x00008c8e       0x31 src/ASF/common/services/clock/xmega/sysclk.o
 .debug_macro   0x00008cbf       0xe4 src/ASF/common/services/clock/xmega/sysclk.o
 .debug_macro   0x00008da3       0x22 src/ASF/common/services/clock/xmega/sysclk.o
 .debug_macro   0x00008dc5      0x2d8 src/ASF/common/services/clock/xmega/sysclk.o
 .debug_macro   0x0000909d      0x2ff src/ASF/common/services/clock/xmega/sysclk.o
 .debug_macro   0x0000939c       0x79 src/ASF/common/services/clock/xmega/sysclk.o
 .debug_macro   0x00009415       0x2f src/ASF/common/services/clock/xmega/sysclk.o
 .debug_macro   0x00009444      0x154 src/ASF/common/services/clock/xmega/sysclk.o
 .debug_macro   0x00009598       0x26 src/ASF/common/services/clock/xmega/sysclk.o
 .debug_macro   0x000095be      0x1a3 src/ASF/common/services/sleepmgr/xmega/sleepmgr.o
 .debug_macro   0x00009761       0x10 src/ASF/common/services/sleepmgr/xmega/sleepmgr.o
 .debug_macro   0x00009771       0x42 src/ASF/common/services/sleepmgr/xmega/sleepmgr.o
 .debug_macro   0x000097b3      0x225 src/ASF/xmega/drivers/tc/tc.o
 .debug_macro   0x000099d8      0x302 src/ASF/xmega/drivers/tc/tc.o
 .debug_macro   0x00009cda       0x12 src/ASF/xmega/drivers/tc/tc.o
 .debug_macro   0x00009cec      0x2a6 src/main.o
 .debug_macro   0x00009f92       0x52 src/main.o
 .debug_macro   0x00009fe4       0x34 src/main.o
 .debug_macro   0x0000a018       0x40 src/main.o
 .debug_macro   0x0000a058       0x1c src/main.o
OUTPUT(ProgrammingAssignment4.elf elf32-avr)
LOAD linker stubs

.BOOT           0x00040000        0x0
